0 verbose cli /usr/bin/node /usr/bin/npm
1 info using npm@10.8.2
2 info using node@v20.20.2
3 silly config load:file:/usr/lib/node_modules/npm/npmrc
4 silly config load:file:/root/dir/.npmrc
5 silly config load:file:/root/.npmrc
6 silly config load:file:/usr/etc/npmrc
7 verbose title npm install
8 verbose argv "install" "--no-audit" "--no-fund" "--prefer-offline"
9 verbose logfile logs-max:10 dir:/root/.npm/_logs/2026-10-07T15_36_03_596Z-
10 verbose logfile /root/.npm/_logs/2026-10-07T15_36_03_596Z-debug-0.log
11 silly packumentCache heap:295436288 maxSize:73859072 maxEntrySize:36929536
12 silly logfile start cleaning logs, removing 1 files
13 silly logfile done cleaning log files
14 silly idealTree buildDeps
15 silly reify moves {}
16 verbose cwd /root/dir
17 verbose os Linux 7.0.0-28-generic
18 verbose node v20.20.2
19 verbose npm  v10.8.2
20 verbose exit 0
21 info ok
