0 verbose cli /usr/bin/node /usr/bin/npm
1 info using npm@10.8.2
2 info using node@v20.20.2
3 silly config load:file:/usr/lib/node_modules/npm/npmrc
4 silly config load:file:/root/dir/.npmrc
5 silly config load:file:/root/.npmrc
6 silly config load:file:/usr/etc/npmrc
7 verbose title npm cache clean
8 verbose argv "cache" "clean" "--force"
9 verbose logfile logs-max:10 dir:/root/.npm/_logs/2026-10-07T15_35_55_327Z-
10 verbose logfile /root/.npm/_logs/2026-10-07T15_35_55_327Z-debug-0.log
11 warn using --force Recommended protections disabled.
12 silly logfile start cleaning logs, removing 1 files
13 silly logfile done cleaning log files
14 verbose cwd /root/dir
15 verbose os Linux 7.0.0-28-generic
16 verbose node v20.20.2
17 verbose npm  v10.8.2
18 verbose exit 0
19 info ok
