0 verbose cli /usr/bin/node /usr/bin/npm
1 info using npm@10.8.2
2 info using node@v20.20.2
3 silly config load:file:/usr/lib/node_modules/npm/npmrc
4 silly config load:file:/root/dir/.npmrc
5 silly config load:file:/root/.npmrc
6 silly config load:file:/usr/etc/npmrc
7 verbose title npm install
8 verbose argv "install"
9 verbose logfile logs-max:10 dir:/root/.npm/_logs/2026-10-07T15_34_51_383Z-
10 verbose logfile /root/.npm/_logs/2026-10-07T15_34_51_383Z-debug-0.log
11 silly packumentCache heap:295436288 maxSize:73859072 maxEntrySize:36929536
12 silly logfile start cleaning logs, removing 1 files
13 silly logfile done cleaning log files
14 silly idealTree buildDeps
15 silly reify moves {}
16 silly audit bulk request {
16 silly audit   '@telegraf/types': [ '7.1.0' ],
16 silly audit   'abort-controller': [ '3.0.0' ],
16 silly audit   accepts: [ '1.3.8' ],
16 silly audit   'ansi-regex': [ '5.0.1' ],
16 silly audit   'ansi-styles': [ '4.3.0' ],
16 silly audit   'append-field': [ '1.0.0' ],
16 silly audit   'array-flatten': [ '1.1.1' ],
16 silly audit   'body-parser': [ '1.20.8' ],
16 silly audit   'buffer-alloc': [ '1.2.0' ],
16 silly audit   'buffer-alloc-unsafe': [ '1.1.0' ],
16 silly audit   'buffer-fill': [ '1.0.0' ],
16 silly audit   'buffer-from': [ '1.1.2' ],
16 silly audit   busboy: [ '1.6.0' ],
16 silly audit   bytes: [ '3.1.2' ],
16 silly audit   'call-bind-apply-helpers': [ '1.0.2' ],
16 silly audit   'call-bound': [ '1.0.4' ],
16 silly audit   chalk: [ '4.1.2' ],
16 silly audit   'supports-color': [ '7.2.0', '8.1.1' ],
16 silly audit   cliui: [ '8.0.1' ],
16 silly audit   'color-convert': [ '2.0.1' ],
16 silly audit   'color-name': [ '1.1.4' ],
16 silly audit   'concat-stream': [ '1.6.2' ],
16 silly audit   concurrently: [ '9.2.4' ],
16 silly audit   'content-disposition': [ '0.5.4' ],
16 silly audit   'content-type': [ '1.0.5' ],
16 silly audit   cookie: [ '0.7.2' ],
16 silly audit   'cookie-signature': [ '1.0.7' ],
16 silly audit   'core-util-is': [ '1.0.3' ],
16 silly audit   cors: [ '2.8.6' ],
16 silly audit   debug: [ '2.6.9', '4.4.3' ],
16 silly audit   depd: [ '2.0.0' ],
16 silly audit   destroy: [ '1.2.0' ],
16 silly audit   dotenv: [ '16.6.1' ],
16 silly audit   'dunder-proto': [ '1.0.1' ],
16 silly audit   'ee-first': [ '1.1.1' ],
16 silly audit   'emoji-regex': [ '8.0.0' ],
16 silly audit   encodeurl: [ '2.0.0' ],
16 silly audit   'es-define-property': [ '1.0.1' ],
16 silly audit   'es-errors': [ '1.3.0' ],
16 silly audit   'es-object-atoms': [ '1.1.2' ],
16 silly audit   escalade: [ '3.2.0' ],
16 silly audit   'escape-html': [ '1.0.3' ],
16 silly audit   etag: [ '1.8.1' ],
16 silly audit   'event-target-shim': [ '5.0.1' ],
16 silly audit   express: [ '4.22.3' ],
16 silly audit   finalhandler: [ '1.3.2' ],
16 silly audit   forwarded: [ '0.2.0' ],
16 silly audit   fresh: [ '0.5.2' ],
16 silly audit   'function-bind': [ '1.1.2' ],
16 silly audit   'get-caller-file': [ '2.0.5' ],
16 silly audit   'get-intrinsic': [ '1.3.0' ],
16 silly audit   'get-proto': [ '1.0.1' ],
16 silly audit   gopd: [ '1.2.0' ],
16 silly audit   'has-flag': [ '4.0.0' ],
16 silly audit   'has-symbols': [ '1.1.0' ],
16 silly audit   hasown: [ '2.0.4' ],
16 silly audit   'http-errors': [ '2.0.1' ],
16 silly audit   'iconv-lite': [ '0.4.24' ],
16 silly audit   inherits: [ '2.0.4' ],
16 silly audit   'ipaddr.js': [ '1.9.1' ],
16 silly audit   'is-fullwidth-code-point': [ '3.0.0' ],
16 silly audit   isarray: [ '1.0.0' ],
16 silly audit   'math-intrinsics': [ '1.1.0' ],
16 silly audit   'media-typer': [ '0.3.0' ],
16 silly audit   'merge-descriptors': [ '1.0.3' ],
16 silly audit   methods: [ '1.1.2' ],
16 silly audit   mime: [ '1.6.0' ],
16 silly audit   'mime-db': [ '1.52.0' ],
16 silly audit   'mime-types': [ '2.1.35' ],
16 silly audit   minimist: [ '1.2.8' ],
16 silly audit   mkdirp: [ '0.5.6' ],
16 silly audit   mri: [ '1.2.0' ],
16 silly audit   ms: [ '2.0.0', '2.1.3' ],
16 silly audit   multer: [ '1.4.5-lts.1' ],
16 silly audit   negotiator: [ '0.6.3' ],
16 silly audit   'node-cron': [ '3.0.3' ],
16 silly audit   'node-fetch': [ '2.7.0' ],
16 silly audit   'object-assign': [ '4.1.1' ],
16 silly audit   'object-inspect': [ '1.13.4' ],
16 silly audit   'on-finished': [ '2.4.1' ],
16 silly audit   'p-timeout': [ '4.1.0' ],
16 silly audit   parseurl: [ '1.3.3' ],
16 silly audit   'path-to-regexp': [ '0.1.13' ],
16 silly audit   'process-nextick-args': [ '2.0.1' ],
16 silly audit   'proxy-addr': [ '2.0.8' ],
16 silly audit   qs: [ '6.16.0' ],
16 silly audit   'range-parser': [ '1.2.1' ],
16 silly audit   'raw-body': [ '2.5.3' ],
16 silly audit   'readable-stream': [ '2.3.8' ],
16 silly audit   'safe-buffer': [ '5.1.2', '5.2.1' ],
16 silly audit   'require-directory': [ '2.1.1' ],
16 silly audit   rxjs: [ '7.8.2' ],
16 silly audit   'safe-compare': [ '1.1.4' ],
16 silly audit   'safer-buffer': [ '2.1.2' ],
16 silly audit   'sandwich-stream': [ '2.0.2' ],
16 silly audit   send: [ '0.19.2' ],
16 silly audit   'serve-static': [ '1.16.3' ],
16 silly audit   setprototypeof: [ '1.2.0' ],
16 silly audit   'shell-quote': [ '1.9.0' ],
16 silly audit   'side-channel': [ '1.1.1' ],
16 silly audit   'side-channel-list': [ '1.0.1' ],
16 silly audit   'side-channel-map': [ '1.0.1' ],
16 silly audit   'side-channel-weakmap': [ '1.0.2' ],
16 silly audit   'sql.js': [ '1.14.2' ],
16 silly audit   statuses: [ '2.0.2' ],
16 silly audit   streamsearch: [ '1.1.0' ],
16 silly audit   string_decoder: [ '1.1.1' ],
16 silly audit   'string-width': [ '4.2.3' ],
16 silly audit   'strip-ansi': [ '6.0.1' ],
16 silly audit   telegraf: [ '4.16.3' ],
16 silly audit   toidentifier: [ '1.0.1' ],
16 silly audit   tr46: [ '0.0.3' ],
16 silly audit   'tree-kill': [ '1.2.2' ],
16 silly audit   tslib: [ '2.8.1' ],
16 silly audit   'type-is': [ '1.6.18' ],
16 silly audit   typedarray: [ '0.0.6' ],
16 silly audit   unpipe: [ '1.0.0' ],
16 silly audit   'util-deprecate': [ '1.0.2' ],
16 silly audit   'utils-merge': [ '1.0.1' ],
16 silly audit   uuid: [ '8.3.2' ],
16 silly audit   vary: [ '1.1.2' ],
16 silly audit   'webidl-conversions': [ '3.0.1' ],
16 silly audit   'whatwg-url': [ '5.0.0' ],
16 silly audit   'wrap-ansi': [ '7.0.0' ],
16 silly audit   xtend: [ '4.0.2' ],
16 silly audit   y18n: [ '5.0.8' ],
16 silly audit   yargs: [ '17.7.2' ],
16 silly audit   'yargs-parser': [ '21.1.1' ]
16 silly audit }
17 http fetch POST 200 https://registry.npmjs.org/-/npm/v1/security/advisories/bulk 749ms
18 silly audit report {
18 silly audit report   'shell-quote': [
18 silly audit report     {
18 silly audit report       id: 1241332,
18 silly audit report       url: 'https://github.com/advisories/GHSA-pqg4-j6r4-53mv',
18 silly audit report       title: 'shell-quote: `quote()` command injection via a line terminator in a token after a `{ comment }` token',
18 silly audit report       severity: 'critical',
18 silly audit report       vulnerable_versions: '>=1.8.4 <1.11.0',
18 silly audit report       cwe: [Array],
18 silly audit report       cvss: [Object]
18 silly audit report     }
18 silly audit report   ],
18 silly audit report   uuid: [
18 silly audit report     {
18 silly audit report       id: 1119441,
18 silly audit report       url: 'https://github.com/advisories/GHSA-w5hq-g745-h8pq',
18 silly audit report       title: 'uuid: Missing buffer bounds check in v3/v5/v6 when buf is provided',
18 silly audit report       severity: 'moderate',
18 silly audit report       vulnerable_versions: '<11.1.1',
18 silly audit report       cwe: [Array],
18 silly audit report       cvss: [Object]
18 silly audit report     }
18 silly audit report   ]
18 silly audit report }
19 silly packumentCache corgi:https://registry.npmjs.org/shell-quote cache-miss
20 silly packumentCache corgi:https://registry.npmjs.org/uuid cache-miss
21 http fetch GET 200 https://registry.npmjs.org/uuid 132ms (cache revalidated)
22 silly packumentCache corgi:https://registry.npmjs.org/uuid set size:84321 disposed:false
23 http fetch GET 200 https://registry.npmjs.org/shell-quote 235ms (cache revalidated)
24 silly packumentCache corgi:https://registry.npmjs.org/shell-quote set size:31082 disposed:false
25 silly packumentCache corgi:https://registry.npmjs.org/concurrently cache-miss
26 http fetch GET 200 https://registry.npmjs.org/concurrently 42ms (cache revalidated)
27 silly packumentCache corgi:https://registry.npmjs.org/concurrently set size:114366 disposed:false
28 silly packumentCache corgi:https://registry.npmjs.org/node-cron cache-miss
29 http fetch GET 200 https://registry.npmjs.org/node-cron 62ms (cache revalidated)
30 silly packumentCache corgi:https://registry.npmjs.org/node-cron set size:45602 disposed:false
