0 verbose cli /usr/bin/node /usr/bin/npm
1 info using npm@10.8.2
2 info using node@v20.20.2
3 silly config load:file:/usr/lib/node_modules/npm/npmrc
4 silly config load:file:/root/dir/web/.npmrc
5 silly config load:file:/root/.npmrc
6 silly config load:file:/usr/etc/npmrc
7 verbose title npm install
8 verbose argv "--prefix" "web" "install"
9 verbose logfile logs-max:10 dir:/root/.npm/_logs/2026-10-07T15_36_05_758Z-
10 verbose logfile /root/.npm/_logs/2026-10-07T15_36_05_758Z-debug-0.log
11 silly packumentCache heap:295436288 maxSize:73859072 maxEntrySize:36929536
12 silly logfile start cleaning logs, removing 1 files
13 silly logfile done cleaning log files
14 silly idealTree buildDeps
15 silly fetch manifest react@^18.3.1
16 silly packumentCache full:https://registry.npmjs.org/react cache-miss
17 http fetch GET 200 https://registry.npmjs.org/react 462ms (cache miss)
18 silly packumentCache full:https://registry.npmjs.org/react set size:undefined disposed:false
19 silly fetch manifest react-dom@^18.3.1
20 silly packumentCache full:https://registry.npmjs.org/react-dom cache-miss
21 http fetch GET 200 https://registry.npmjs.org/react-dom 360ms (cache miss)
22 silly packumentCache full:https://registry.npmjs.org/react-dom set size:undefined disposed:false
23 silly fetch manifest @vitejs/plugin-react@^4.3.1
24 silly packumentCache full:https://registry.npmjs.org/@vitejs%2fplugin-react cache-miss
25 http fetch GET 200 https://registry.npmjs.org/@vitejs%2fplugin-react 146ms (cache miss)
26 silly packumentCache full:https://registry.npmjs.org/@vitejs%2fplugin-react set size:undefined disposed:false
27 silly fetch manifest vite@^5.4.8
28 silly packumentCache full:https://registry.npmjs.org/vite cache-miss
29 http fetch GET 200 https://registry.npmjs.org/vite 8874ms (cache miss)
30 silly packumentCache full:https://registry.npmjs.org/vite set size:undefined disposed:false
31 silly fetch manifest @types/node@^18.0.0 || >=20.0.0
32 silly packumentCache full:https://registry.npmjs.org/@types%2fnode cache-miss
33 http fetch GET 200 https://registry.npmjs.org/@types%2fnode 1544ms (cache miss)
34 silly packumentCache full:https://registry.npmjs.org/@types%2fnode set size:undefined disposed:false
35 silly fetch manifest less@*
36 silly packumentCache full:https://registry.npmjs.org/less cache-miss
37 http fetch GET 200 https://registry.npmjs.org/less 1380ms (cache miss)
38 silly packumentCache full:https://registry.npmjs.org/less set size:undefined disposed:false
39 silly fetch manifest lightningcss@^1.21.0
40 silly packumentCache full:https://registry.npmjs.org/lightningcss cache-miss
41 http fetch GET 200 https://registry.npmjs.org/lightningcss 1305ms (cache miss)
42 silly packumentCache full:https://registry.npmjs.org/lightningcss set size:undefined disposed:false
43 silly fetch manifest sass@*
44 silly packumentCache full:https://registry.npmjs.org/sass cache-miss
45 http fetch GET 200 https://registry.npmjs.org/sass 7191ms (cache miss)
46 silly packumentCache full:https://registry.npmjs.org/sass set size:undefined disposed:false
47 silly fetch manifest sass-embedded@*
48 silly packumentCache full:https://registry.npmjs.org/sass-embedded cache-miss
49 http fetch GET 200 https://registry.npmjs.org/sass-embedded 106ms (cache miss)
50 silly packumentCache full:https://registry.npmjs.org/sass-embedded set size:undefined disposed:false
51 silly fetch manifest stylus@*
52 silly packumentCache full:https://registry.npmjs.org/stylus cache-miss
53 http fetch GET 200 https://registry.npmjs.org/stylus 73ms (cache miss)
54 silly packumentCache full:https://registry.npmjs.org/stylus set size:undefined disposed:false
55 silly fetch manifest sugarss@*
56 silly packumentCache full:https://registry.npmjs.org/sugarss cache-miss
57 http fetch GET 200 https://registry.npmjs.org/sugarss 52ms (cache miss)
58 silly packumentCache full:https://registry.npmjs.org/sugarss set size:undefined disposed:false
59 silly fetch manifest postcss@^8.3.3
60 silly packumentCache full:https://registry.npmjs.org/postcss cache-miss
61 http fetch GET 200 https://registry.npmjs.org/postcss 88ms (cache miss)
62 silly packumentCache full:https://registry.npmjs.org/postcss set size:undefined disposed:false
63 silly fetch manifest terser@^5.4.0
64 silly packumentCache full:https://registry.npmjs.org/terser cache-miss
65 http fetch GET 200 https://registry.npmjs.org/terser 97ms (cache miss)
66 silly packumentCache full:https://registry.npmjs.org/terser set size:undefined disposed:false
67 silly placeDep ROOT @vitejs/plugin-react@4.7.0 OK for: catsalers-web@1.0.0 want: ^4.3.1
68 silly placeDep ROOT vite@5.4.21 OK for: @vitejs/plugin-react@4.7.0 want: ^4.2.0 || ^5.0.0 || ^6.0.0 || ^7.0.0
69 silly placeDep ROOT react@18.3.1 OK for: catsalers-web@1.0.0 want: ^18.3.1
70 silly placeDep ROOT react-dom@18.3.1 OK for: catsalers-web@1.0.0 want: ^18.3.1
71 silly fetch manifest @babel/core@^7.28.0
72 silly packumentCache full:https://registry.npmjs.org/@babel%2fcore cache-miss
73 http fetch GET 200 https://registry.npmjs.org/@babel%2fcore 98ms (cache miss)
74 silly packumentCache full:https://registry.npmjs.org/@babel%2fcore set size:undefined disposed:false
75 silly fetch manifest react-refresh@^0.17.0
76 silly packumentCache full:https://registry.npmjs.org/react-refresh cache-miss
77 http fetch GET 200 https://registry.npmjs.org/react-refresh 373ms (cache miss)
78 silly packumentCache full:https://registry.npmjs.org/react-refresh set size:undefined disposed:false
79 silly fetch manifest @types/babel__core@^7.20.5
80 silly packumentCache full:https://registry.npmjs.org/@types%2fbabel__core cache-miss
81 http fetch GET 200 https://registry.npmjs.org/@types%2fbabel__core 68ms (cache miss)
82 silly packumentCache full:https://registry.npmjs.org/@types%2fbabel__core set size:undefined disposed:false
83 silly fetch manifest @rolldown/pluginutils@1.0.0-beta.27
84 silly packumentCache full:https://registry.npmjs.org/@rolldown%2fpluginutils cache-miss
85 http fetch GET 200 https://registry.npmjs.org/@rolldown%2fpluginutils 67ms (cache miss)
86 silly packumentCache full:https://registry.npmjs.org/@rolldown%2fpluginutils set size:undefined disposed:false
87 silly fetch manifest @babel/plugin-transform-react-jsx-self@^7.27.1
88 silly packumentCache full:https://registry.npmjs.org/@babel%2fplugin-transform-react-jsx-self cache-miss
89 http fetch GET 200 https://registry.npmjs.org/@babel%2fplugin-transform-react-jsx-self 66ms (cache miss)
90 silly packumentCache full:https://registry.npmjs.org/@babel%2fplugin-transform-react-jsx-self set size:undefined disposed:false
91 silly fetch manifest @babel/plugin-transform-react-jsx-source@^7.27.1
92 silly packumentCache full:https://registry.npmjs.org/@babel%2fplugin-transform-react-jsx-source cache-miss
93 http fetch GET 200 https://registry.npmjs.org/@babel%2fplugin-transform-react-jsx-source 63ms (cache miss)
94 silly packumentCache full:https://registry.npmjs.org/@babel%2fplugin-transform-react-jsx-source set size:undefined disposed:false
95 silly fetch manifest rollup@^4.20.0
96 silly packumentCache full:https://registry.npmjs.org/rollup cache-miss
97 http fetch GET 200 https://registry.npmjs.org/rollup 1181ms (cache miss)
98 silly packumentCache full:https://registry.npmjs.org/rollup set size:undefined disposed:false
99 silly fetch manifest esbuild@^0.21.3
100 silly packumentCache full:https://registry.npmjs.org/esbuild cache-miss
101 http fetch GET 200 https://registry.npmjs.org/esbuild 149ms (cache miss)
102 silly packumentCache full:https://registry.npmjs.org/esbuild set size:undefined disposed:false
103 silly fetch manifest postcss@^8.4.43
104 silly packumentCache full:https://registry.npmjs.org/postcss cache-miss
105 http fetch GET 200 https://registry.npmjs.org/postcss 218ms (cache hit)
106 silly packumentCache full:https://registry.npmjs.org/postcss set size:770032 disposed:false
107 silly fetch manifest fsevents@~2.3.3
108 silly packumentCache full:https://registry.npmjs.org/fsevents cache-miss
109 http fetch GET 200 https://registry.npmjs.org/fsevents 50ms (cache miss)
110 silly packumentCache full:https://registry.npmjs.org/fsevents set size:undefined disposed:false
111 silly fetch manifest loose-envify@^1.1.0
112 silly packumentCache full:https://registry.npmjs.org/loose-envify cache-miss
113 http fetch GET 200 https://registry.npmjs.org/loose-envify 45ms (cache miss)
114 silly packumentCache full:https://registry.npmjs.org/loose-envify set size:undefined disposed:false
115 silly fetch manifest scheduler@^0.23.2
116 silly packumentCache full:https://registry.npmjs.org/scheduler cache-miss
117 http fetch GET 200 https://registry.npmjs.org/scheduler 266ms (cache miss)
118 silly packumentCache full:https://registry.npmjs.org/scheduler set size:undefined disposed:false
119 silly placeDep ROOT @babel/core@7.29.7 OK for: @vitejs/plugin-react@4.7.0 want: ^7.28.0
120 silly placeDep ROOT @babel/plugin-transform-react-jsx-self@7.29.7 OK for: @vitejs/plugin-react@4.7.0 want: ^7.27.1
121 silly placeDep ROOT @babel/plugin-transform-react-jsx-source@7.29.7 OK for: @vitejs/plugin-react@4.7.0 want: ^7.27.1
122 silly placeDep ROOT @rolldown/pluginutils@1.0.0-beta.27 OK for: @vitejs/plugin-react@4.7.0 want: 1.0.0-beta.27
123 silly placeDep ROOT @types/babel__core@7.20.5 OK for: @vitejs/plugin-react@4.7.0 want: ^7.20.5
124 silly placeDep ROOT react-refresh@0.17.0 OK for: @vitejs/plugin-react@4.7.0 want: ^0.17.0
125 silly fetch manifest debug@^4.1.0
126 silly packumentCache full:https://registry.npmjs.org/debug cache-miss
127 http fetch GET 200 https://registry.npmjs.org/debug 52ms (cache miss)
128 silly packumentCache full:https://registry.npmjs.org/debug set size:undefined disposed:false
129 silly fetch manifest json5@^2.2.3
130 silly packumentCache full:https://registry.npmjs.org/json5 cache-miss
131 http fetch GET 200 https://registry.npmjs.org/json5 47ms (cache miss)
132 silly packumentCache full:https://registry.npmjs.org/json5 set size:undefined disposed:false
133 silly fetch manifest semver@^6.3.1
134 silly packumentCache full:https://registry.npmjs.org/semver cache-miss
135 http fetch GET 200 https://registry.npmjs.org/semver 54ms (cache miss)
136 silly packumentCache full:https://registry.npmjs.org/semver set size:undefined disposed:false
137 silly fetch manifest gensync@^1.0.0-beta.2
138 silly packumentCache full:https://registry.npmjs.org/gensync cache-miss
139 http fetch GET 200 https://registry.npmjs.org/gensync 47ms (cache miss)
140 silly packumentCache full:https://registry.npmjs.org/gensync set size:undefined disposed:false
141 silly fetch manifest @babel/types@^7.29.7
142 silly packumentCache full:https://registry.npmjs.org/@babel%2ftypes cache-miss
143 http fetch GET 200 https://registry.npmjs.org/@babel%2ftypes 72ms (cache miss)
144 silly packumentCache full:https://registry.npmjs.org/@babel%2ftypes set size:undefined disposed:false
145 silly fetch manifest @babel/parser@^7.29.7
146 silly packumentCache full:https://registry.npmjs.org/@babel%2fparser cache-miss
147 http fetch GET 200 https://registry.npmjs.org/@babel%2fparser 94ms (cache miss)
148 silly packumentCache full:https://registry.npmjs.org/@babel%2fparser set size:undefined disposed:false
149 silly fetch manifest @babel/helpers@^7.29.7
150 silly packumentCache full:https://registry.npmjs.org/@babel%2fhelpers cache-miss
151 http fetch GET 200 https://registry.npmjs.org/@babel%2fhelpers 67ms (cache miss)
152 silly packumentCache full:https://registry.npmjs.org/@babel%2fhelpers set size:undefined disposed:false
153 silly fetch manifest @babel/template@^7.29.7
154 silly packumentCache full:https://registry.npmjs.org/@babel%2ftemplate cache-miss
155 http fetch GET 200 https://registry.npmjs.org/@babel%2ftemplate 57ms (cache miss)
156 silly packumentCache full:https://registry.npmjs.org/@babel%2ftemplate set size:undefined disposed:false
157 silly fetch manifest @babel/traverse@^7.29.7
158 silly packumentCache full:https://registry.npmjs.org/@babel%2ftraverse cache-miss
159 http fetch GET 200 https://registry.npmjs.org/@babel%2ftraverse 72ms (cache miss)
160 silly packumentCache full:https://registry.npmjs.org/@babel%2ftraverse set size:undefined disposed:false
161 silly fetch manifest @babel/generator@^7.29.7
162 silly packumentCache full:https://registry.npmjs.org/@babel%2fgenerator cache-miss
163 http fetch GET 200 https://registry.npmjs.org/@babel%2fgenerator 97ms (cache miss)
164 silly packumentCache full:https://registry.npmjs.org/@babel%2fgenerator set size:undefined disposed:false
165 silly fetch manifest @babel/code-frame@^7.29.7
166 silly packumentCache full:https://registry.npmjs.org/@babel%2fcode-frame cache-miss
167 http fetch GET 200 https://registry.npmjs.org/@babel%2fcode-frame 56ms (cache miss)
168 silly packumentCache full:https://registry.npmjs.org/@babel%2fcode-frame set size:undefined disposed:false
169 silly fetch manifest convert-source-map@^2.0.0
170 silly packumentCache full:https://registry.npmjs.org/convert-source-map cache-miss
171 http fetch GET 200 https://registry.npmjs.org/convert-source-map 46ms (cache miss)
172 silly packumentCache full:https://registry.npmjs.org/convert-source-map set size:undefined disposed:false
173 silly fetch manifest @jridgewell/remapping@^2.3.5
174 silly packumentCache full:https://registry.npmjs.org/@jridgewell%2fremapping cache-miss
175 http fetch GET 200 https://registry.npmjs.org/@jridgewell%2fremapping 55ms (cache miss)
176 silly packumentCache full:https://registry.npmjs.org/@jridgewell%2fremapping set size:undefined disposed:false
177 silly fetch manifest @babel/helper-module-transforms@^7.29.7
178 silly packumentCache full:https://registry.npmjs.org/@babel%2fhelper-module-transforms cache-miss
179 http fetch GET 200 https://registry.npmjs.org/@babel%2fhelper-module-transforms 65ms (cache miss)
180 silly packumentCache full:https://registry.npmjs.org/@babel%2fhelper-module-transforms set size:undefined disposed:false
181 silly fetch manifest @babel/helper-compilation-targets@^7.29.7
182 silly packumentCache full:https://registry.npmjs.org/@babel%2fhelper-compilation-targets cache-miss
183 http fetch GET 200 https://registry.npmjs.org/@babel%2fhelper-compilation-targets 60ms (cache miss)
184 silly packumentCache full:https://registry.npmjs.org/@babel%2fhelper-compilation-targets set size:undefined disposed:false
185 silly fetch manifest @babel/helper-plugin-utils@^7.29.7
186 silly packumentCache full:https://registry.npmjs.org/@babel%2fhelper-plugin-utils cache-miss
187 http fetch GET 200 https://registry.npmjs.org/@babel%2fhelper-plugin-utils 56ms (cache miss)
188 silly packumentCache full:https://registry.npmjs.org/@babel%2fhelper-plugin-utils set size:undefined disposed:false
189 silly fetch manifest @babel/types@^7.20.7
190 silly packumentCache full:https://registry.npmjs.org/@babel%2ftypes cache-miss
191 http fetch GET 200 https://registry.npmjs.org/@babel%2ftypes 7ms (cache hit)
192 silly packumentCache full:https://registry.npmjs.org/@babel%2ftypes set size:507562 disposed:false
193 silly fetch manifest @babel/parser@^7.20.7
194 silly packumentCache full:https://registry.npmjs.org/@babel%2fparser cache-miss
195 http fetch GET 200 https://registry.npmjs.org/@babel%2fparser 7ms (cache hit)
196 silly packumentCache full:https://registry.npmjs.org/@babel%2fparser set size:748334 disposed:false
197 silly fetch manifest @types/babel__template@*
198 silly packumentCache full:https://registry.npmjs.org/@types%2fbabel__template cache-miss
199 http fetch GET 200 https://registry.npmjs.org/@types%2fbabel__template 63ms (cache miss)
200 silly packumentCache full:https://registry.npmjs.org/@types%2fbabel__template set size:undefined disposed:false
201 silly fetch manifest @types/babel__traverse@*
202 silly packumentCache full:https://registry.npmjs.org/@types%2fbabel__traverse cache-miss
203 http fetch GET 200 https://registry.npmjs.org/@types%2fbabel__traverse 57ms (cache miss)
204 silly packumentCache full:https://registry.npmjs.org/@types%2fbabel__traverse set size:undefined disposed:false
205 silly fetch manifest @types/babel__generator@*
206 silly packumentCache full:https://registry.npmjs.org/@types%2fbabel__generator cache-miss
207 http fetch GET 200 https://registry.npmjs.org/@types%2fbabel__generator 49ms (cache miss)
208 silly packumentCache full:https://registry.npmjs.org/@types%2fbabel__generator set size:undefined disposed:false
209 silly fetch manifest @babel/core@^7.0.0
210 silly packumentCache full:https://registry.npmjs.org/@babel%2fcore cache-miss
211 http fetch GET 200 https://registry.npmjs.org/@babel%2fcore 5ms (cache hit)
212 silly packumentCache full:https://registry.npmjs.org/@babel%2fcore set size:801647 disposed:false
213 silly placeDep ROOT @babel/code-frame@7.29.7 OK for: @babel/core@7.29.7 want: ^7.29.7
214 silly placeDep ROOT @babel/generator@7.29.8 OK for: @babel/core@7.29.7 want: ^7.29.7
215 silly placeDep ROOT @babel/helper-compilation-targets@7.29.7 OK for: @babel/core@7.29.7 want: ^7.29.7
216 silly placeDep ROOT @babel/helper-module-transforms@7.29.7 OK for: @babel/core@7.29.7 want: ^7.29.7
217 silly placeDep ROOT @babel/helpers@7.29.10 OK for: @babel/core@7.29.7 want: ^7.29.7
218 silly placeDep ROOT @babel/parser@7.29.9 OK for: @babel/core@7.29.7 want: ^7.29.7
219 silly placeDep ROOT @babel/template@7.29.7 OK for: @babel/core@7.29.7 want: ^7.29.7
220 silly placeDep ROOT @babel/traverse@7.29.10 OK for: @babel/core@7.29.7 want: ^7.29.7
221 silly placeDep ROOT @babel/types@7.29.8 OK for: @babel/core@7.29.7 want: ^7.29.7
222 silly placeDep ROOT @jridgewell/remapping@2.3.5 OK for: @babel/core@7.29.7 want: ^2.3.5
223 silly placeDep ROOT convert-source-map@2.0.0 OK for: @babel/core@7.29.7 want: ^2.0.0
224 silly placeDep ROOT debug@4.4.3 OK for: @babel/core@7.29.7 want: ^4.1.0
225 silly placeDep ROOT gensync@1.0.0-beta.2 OK for: @babel/core@7.29.7 want: ^1.0.0-beta.2
226 silly placeDep ROOT json5@2.2.3 OK for: @babel/core@7.29.7 want: ^2.2.3
227 silly placeDep ROOT semver@6.3.1 OK for: @babel/core@7.29.7 want: ^6.3.1
228 silly fetch manifest js-tokens@^4.0.0
229 silly packumentCache full:https://registry.npmjs.org/js-tokens cache-miss
230 http fetch GET 200 https://registry.npmjs.org/js-tokens 47ms (cache miss)
231 silly packumentCache full:https://registry.npmjs.org/js-tokens set size:undefined disposed:false
232 silly fetch manifest picocolors@^1.1.1
233 silly packumentCache full:https://registry.npmjs.org/picocolors cache-miss
234 http fetch GET 200 https://registry.npmjs.org/picocolors 41ms (cache miss)
235 silly packumentCache full:https://registry.npmjs.org/picocolors set size:undefined disposed:false
236 silly fetch manifest @babel/helper-validator-identifier@^7.29.7
237 silly packumentCache full:https://registry.npmjs.org/@babel%2fhelper-validator-identifier cache-miss
238 http fetch GET 200 https://registry.npmjs.org/@babel%2fhelper-validator-identifier 56ms (cache miss)
239 silly packumentCache full:https://registry.npmjs.org/@babel%2fhelper-validator-identifier set size:undefined disposed:false
240 silly fetch manifest jsesc@^3.0.2
241 silly packumentCache full:https://registry.npmjs.org/jsesc cache-miss
242 http fetch GET 200 https://registry.npmjs.org/jsesc 47ms (cache miss)
243 silly packumentCache full:https://registry.npmjs.org/jsesc set size:undefined disposed:false
244 silly fetch manifest @babel/types@^7.29.8
245 silly packumentCache full:https://registry.npmjs.org/@babel%2ftypes cache-hit
246 silly fetch manifest @babel/parser@^7.29.8
247 silly packumentCache full:https://registry.npmjs.org/@babel%2fparser cache-hit
248 silly fetch manifest @jridgewell/gen-mapping@^0.3.12
249 silly packumentCache full:https://registry.npmjs.org/@jridgewell%2fgen-mapping cache-miss
250 http fetch GET 200 https://registry.npmjs.org/@jridgewell%2fgen-mapping 58ms (cache miss)
251 silly packumentCache full:https://registry.npmjs.org/@jridgewell%2fgen-mapping set size:undefined disposed:false
252 silly fetch manifest @jridgewell/trace-mapping@^0.3.28
253 silly packumentCache full:https://registry.npmjs.org/@jridgewell%2ftrace-mapping cache-miss
254 http fetch GET 200 https://registry.npmjs.org/@jridgewell%2ftrace-mapping 66ms (cache miss)
255 silly packumentCache full:https://registry.npmjs.org/@jridgewell%2ftrace-mapping set size:undefined disposed:false
256 silly fetch manifest lru-cache@^5.1.1
257 silly packumentCache full:https://registry.npmjs.org/lru-cache cache-miss
258 http fetch GET 200 https://registry.npmjs.org/lru-cache 65ms (cache miss)
259 silly packumentCache full:https://registry.npmjs.org/lru-cache set size:undefined disposed:false
260 silly fetch manifest browserslist@^4.24.0
261 silly packumentCache full:https://registry.npmjs.org/browserslist cache-miss
262 http fetch GET 200 https://registry.npmjs.org/browserslist 88ms (cache miss)
263 silly packumentCache full:https://registry.npmjs.org/browserslist set size:undefined disposed:false
264 silly fetch manifest @babel/compat-data@^7.29.7
265 silly packumentCache full:https://registry.npmjs.org/@babel%2fcompat-data cache-miss
266 http fetch GET 200 https://registry.npmjs.org/@babel%2fcompat-data 64ms (cache miss)
267 silly packumentCache full:https://registry.npmjs.org/@babel%2fcompat-data set size:undefined disposed:false
268 silly fetch manifest @babel/helper-validator-option@^7.29.7
269 silly packumentCache full:https://registry.npmjs.org/@babel%2fhelper-validator-option cache-miss
270 http fetch GET 200 https://registry.npmjs.org/@babel%2fhelper-validator-option 60ms (cache miss)
271 silly packumentCache full:https://registry.npmjs.org/@babel%2fhelper-validator-option set size:undefined disposed:false
272 silly fetch manifest @babel/helper-module-imports@^7.29.7
273 silly packumentCache full:https://registry.npmjs.org/@babel%2fhelper-module-imports cache-miss
274 http fetch GET 200 https://registry.npmjs.org/@babel%2fhelper-module-imports 63ms (cache miss)
275 silly packumentCache full:https://registry.npmjs.org/@babel%2fhelper-module-imports set size:undefined disposed:false
276 silly fetch manifest debug@^4.3.1
277 silly packumentCache full:https://registry.npmjs.org/debug cache-miss
278 http fetch GET 200 https://registry.npmjs.org/debug 4ms (cache hit)
279 silly packumentCache full:https://registry.npmjs.org/debug set size:195840 disposed:false
280 silly fetch manifest @babel/helper-globals@^7.29.7
281 silly packumentCache full:https://registry.npmjs.org/@babel%2fhelper-globals cache-miss
282 http fetch GET 200 https://registry.npmjs.org/@babel%2fhelper-globals 52ms (cache miss)
283 silly packumentCache full:https://registry.npmjs.org/@babel%2fhelper-globals set size:undefined disposed:false
284 silly fetch manifest @babel/helper-string-parser@^7.29.7
285 silly packumentCache full:https://registry.npmjs.org/@babel%2fhelper-string-parser cache-miss
286 http fetch GET 200 https://registry.npmjs.org/@babel%2fhelper-string-parser 64ms (cache miss)
287 silly packumentCache full:https://registry.npmjs.org/@babel%2fhelper-string-parser set size:undefined disposed:false
288 silly fetch manifest @jridgewell/gen-mapping@^0.3.5
289 silly packumentCache full:https://registry.npmjs.org/@jridgewell%2fgen-mapping cache-miss
290 http fetch GET 200 https://registry.npmjs.org/@jridgewell%2fgen-mapping 6ms (cache hit)
291 silly packumentCache full:https://registry.npmjs.org/@jridgewell%2fgen-mapping set size:75941 disposed:false
292 silly fetch manifest @jridgewell/trace-mapping@^0.3.24
293 silly packumentCache full:https://registry.npmjs.org/@jridgewell%2ftrace-mapping cache-miss
294 http fetch GET 200 https://registry.npmjs.org/@jridgewell%2ftrace-mapping 241ms (cache hit)
295 silly packumentCache full:https://registry.npmjs.org/@jridgewell%2ftrace-mapping set size:170909 disposed:false
296 silly fetch manifest ms@^2.1.3
297 silly packumentCache full:https://registry.npmjs.org/ms cache-miss
298 http fetch GET 200 https://registry.npmjs.org/ms 49ms (cache miss)
299 silly packumentCache full:https://registry.npmjs.org/ms set size:undefined disposed:false
300 silly placeDep ROOT @babel/helper-validator-identifier@7.29.7 OK for: @babel/code-frame@7.29.7 want: ^7.29.7
301 silly placeDep ROOT js-tokens@4.0.0 OK for: @babel/code-frame@7.29.7 want: ^4.0.0
302 silly placeDep ROOT picocolors@1.1.1 OK for: @babel/code-frame@7.29.7 want: ^1.1.1
303 silly placeDep ROOT @jridgewell/gen-mapping@0.3.13 OK for: @babel/generator@7.29.8 want: ^0.3.12
304 silly placeDep ROOT @jridgewell/trace-mapping@0.3.31 OK for: @babel/generator@7.29.8 want: ^0.3.28
305 silly placeDep ROOT jsesc@3.1.0 OK for: @babel/generator@7.29.8 want: ^3.0.2
306 silly fetch manifest @jridgewell/sourcemap-codec@^1.5.0
307 silly packumentCache full:https://registry.npmjs.org/@jridgewell%2fsourcemap-codec cache-miss
308 http fetch GET 200 https://registry.npmjs.org/@jridgewell%2fsourcemap-codec 61ms (cache miss)
309 silly packumentCache full:https://registry.npmjs.org/@jridgewell%2fsourcemap-codec set size:undefined disposed:false
310 silly fetch manifest @jridgewell/resolve-uri@^3.1.0
311 silly packumentCache full:https://registry.npmjs.org/@jridgewell%2fresolve-uri cache-miss
312 http fetch GET 200 https://registry.npmjs.org/@jridgewell%2fresolve-uri 61ms (cache miss)
313 silly packumentCache full:https://registry.npmjs.org/@jridgewell%2fresolve-uri set size:undefined disposed:false
314 silly fetch manifest @jridgewell/sourcemap-codec@^1.4.14
315 silly packumentCache full:https://registry.npmjs.org/@jridgewell%2fsourcemap-codec cache-miss
316 http fetch GET 200 https://registry.npmjs.org/@jridgewell%2fsourcemap-codec 6ms (cache hit)
317 silly packumentCache full:https://registry.npmjs.org/@jridgewell%2fsourcemap-codec set size:65255 disposed:false
318 silly placeDep ROOT @babel/compat-data@7.29.7 OK for: @babel/helper-compilation-targets@7.29.7 want: ^7.29.7
319 silly placeDep ROOT @babel/helper-validator-option@7.29.7 OK for: @babel/helper-compilation-targets@7.29.7 want: ^7.29.7
320 silly placeDep ROOT browserslist@4.29.3 OK for: @babel/helper-compilation-targets@7.29.7 want: ^4.24.0
321 silly placeDep ROOT lru-cache@5.1.1 OK for: @babel/helper-compilation-targets@7.29.7 want: ^5.1.1
322 silly fetch manifest caniuse-lite@^1.0.30001813
323 silly packumentCache full:https://registry.npmjs.org/caniuse-lite cache-miss
324 http fetch GET 200 https://registry.npmjs.org/caniuse-lite 138ms (cache miss)
325 silly packumentCache full:https://registry.npmjs.org/caniuse-lite set size:undefined disposed:false
326 silly fetch manifest node-releases@^2.0.57
327 silly packumentCache full:https://registry.npmjs.org/node-releases cache-miss
328 http fetch GET 200 https://registry.npmjs.org/node-releases 74ms (cache miss)
329 silly packumentCache full:https://registry.npmjs.org/node-releases set size:undefined disposed:false
330 silly fetch manifest electron-to-chromium@^1.5.439
331 silly packumentCache full:https://registry.npmjs.org/electron-to-chromium cache-miss
332 http fetch GET 200 https://registry.npmjs.org/electron-to-chromium 277ms (cache miss)
333 silly packumentCache full:https://registry.npmjs.org/electron-to-chromium set size:undefined disposed:false
334 silly fetch manifest update-browserslist-db@^1.3.3
335 silly packumentCache full:https://registry.npmjs.org/update-browserslist-db cache-miss
336 http fetch GET 200 https://registry.npmjs.org/update-browserslist-db 51ms (cache miss)
337 silly packumentCache full:https://registry.npmjs.org/update-browserslist-db set size:undefined disposed:false
338 silly fetch manifest baseline-browser-mapping@^2.11.26
339 silly packumentCache full:https://registry.npmjs.org/baseline-browser-mapping cache-miss
340 http fetch GET 200 https://registry.npmjs.org/baseline-browser-mapping 62ms (cache miss)
341 silly packumentCache full:https://registry.npmjs.org/baseline-browser-mapping set size:undefined disposed:false
342 silly fetch manifest yallist@^3.0.2
343 silly packumentCache full:https://registry.npmjs.org/yallist cache-miss
344 http fetch GET 200 https://registry.npmjs.org/yallist 50ms (cache miss)
345 silly packumentCache full:https://registry.npmjs.org/yallist set size:undefined disposed:false
346 silly placeDep ROOT @babel/helper-module-imports@7.29.7 OK for: @babel/helper-module-transforms@7.29.7 want: ^7.29.7
347 silly placeDep ROOT @babel/helper-plugin-utils@7.29.7 OK for: @babel/plugin-transform-react-jsx-self@7.29.7 want: ^7.29.7
348 silly placeDep ROOT @babel/helper-globals@7.29.7 OK for: @babel/traverse@7.29.10 want: ^7.29.7
349 silly placeDep ROOT @babel/helper-string-parser@7.29.7 OK for: @babel/types@7.29.8 want: ^7.29.7
350 silly placeDep ROOT @jridgewell/sourcemap-codec@1.6.0 OK for: @jridgewell/gen-mapping@0.3.13 want: ^1.5.0
351 silly placeDep ROOT @jridgewell/resolve-uri@3.1.2 OK for: @jridgewell/trace-mapping@0.3.31 want: ^3.1.0
352 silly placeDep ROOT @types/babel__generator@7.27.0 OK for: @types/babel__core@7.20.5 want: *
353 silly placeDep ROOT @types/babel__template@7.4.4 OK for: @types/babel__core@7.20.5 want: *
354 silly placeDep ROOT @types/babel__traverse@7.28.0 OK for: @types/babel__core@7.20.5 want: *
355 silly fetch manifest browserslist@>= 4.21.0
356 silly packumentCache full:https://registry.npmjs.org/browserslist cache-miss
357 http fetch GET 200 https://registry.npmjs.org/browserslist 6ms (cache hit)
358 silly packumentCache full:https://registry.npmjs.org/browserslist set size:530436 disposed:false
359 silly placeDep ROOT baseline-browser-mapping@2.11.27 OK for: browserslist@4.29.3 want: ^2.11.26
360 silly placeDep ROOT caniuse-lite@1.0.30001815 OK for: browserslist@4.29.3 want: ^1.0.30001813
361 silly placeDep ROOT electron-to-chromium@1.5.449 OK for: browserslist@4.29.3 want: ^1.5.439
362 silly placeDep ROOT node-releases@2.0.57 OK for: browserslist@4.29.3 want: ^2.0.57
363 silly placeDep ROOT update-browserslist-db@1.3.3 OK for: browserslist@4.29.3 want: ^1.3.3
364 silly fetch manifest escalade@^3.2.0
365 silly packumentCache full:https://registry.npmjs.org/escalade cache-miss
366 http fetch GET 200 https://registry.npmjs.org/escalade 47ms (cache miss)
367 silly packumentCache full:https://registry.npmjs.org/escalade set size:undefined disposed:false
368 silly placeDep ROOT ms@2.1.3 OK for: debug@4.4.3 want: ^2.1.3
369 silly placeDep ROOT yallist@3.1.1 OK for: lru-cache@5.1.1 want: ^3.0.2
370 silly placeDep ROOT loose-envify@1.4.0 OK for: react@18.3.1 want: ^1.1.0
371 silly placeDep ROOT scheduler@0.23.2 OK for: react-dom@18.3.1 want: ^0.23.2
372 silly placeDep ROOT escalade@3.2.0 OK for: update-browserslist-db@1.3.3 want: ^3.2.0
373 silly placeDep ROOT esbuild@0.21.5 OK for: vite@5.4.21 want: ^0.21.3
374 silly placeDep ROOT fsevents@2.3.3 OK for: vite@5.4.21 want: ~2.3.3
375 silly placeDep ROOT postcss@8.5.29 OK for: vite@5.4.21 want: ^8.4.43
376 silly placeDep ROOT rollup@4.64.1 OK for: vite@5.4.21 want: ^4.20.0
377 silly fetch manifest @esbuild/aix-ppc64@0.21.5
378 silly packumentCache full:https://registry.npmjs.org/@esbuild%2faix-ppc64 cache-miss
379 http fetch GET 200 https://registry.npmjs.org/@esbuild%2faix-ppc64 63ms (cache miss)
380 silly packumentCache full:https://registry.npmjs.org/@esbuild%2faix-ppc64 set size:undefined disposed:false
381 silly fetch manifest @esbuild/linux-arm@0.21.5
382 silly packumentCache full:https://registry.npmjs.org/@esbuild%2flinux-arm cache-miss
383 http fetch GET 200 https://registry.npmjs.org/@esbuild%2flinux-arm 66ms (cache miss)
384 silly packumentCache full:https://registry.npmjs.org/@esbuild%2flinux-arm set size:undefined disposed:false
385 silly fetch manifest @esbuild/linux-x64@0.21.5
386 silly packumentCache full:https://registry.npmjs.org/@esbuild%2flinux-x64 cache-miss
387 http fetch GET 200 https://registry.npmjs.org/@esbuild%2flinux-x64 66ms (cache miss)
388 silly packumentCache full:https://registry.npmjs.org/@esbuild%2flinux-x64 set size:undefined disposed:false
389 silly fetch manifest @esbuild/sunos-x64@0.21.5
390 silly packumentCache full:https://registry.npmjs.org/@esbuild%2fsunos-x64 cache-miss
391 http fetch GET 200 https://registry.npmjs.org/@esbuild%2fsunos-x64 65ms (cache miss)
392 silly packumentCache full:https://registry.npmjs.org/@esbuild%2fsunos-x64 set size:undefined disposed:false
393 silly fetch manifest @esbuild/win32-x64@0.21.5
394 silly packumentCache full:https://registry.npmjs.org/@esbuild%2fwin32-x64 cache-miss
395 http fetch GET 200 https://registry.npmjs.org/@esbuild%2fwin32-x64 69ms (cache miss)
396 silly packumentCache full:https://registry.npmjs.org/@esbuild%2fwin32-x64 set size:undefined disposed:false
397 silly fetch manifest @esbuild/darwin-x64@0.21.5
398 silly packumentCache full:https://registry.npmjs.org/@esbuild%2fdarwin-x64 cache-miss
399 http fetch GET 200 https://registry.npmjs.org/@esbuild%2fdarwin-x64 230ms (cache miss)
400 silly packumentCache full:https://registry.npmjs.org/@esbuild%2fdarwin-x64 set size:undefined disposed:false
401 silly fetch manifest @esbuild/linux-ia32@0.21.5
402 silly packumentCache full:https://registry.npmjs.org/@esbuild%2flinux-ia32 cache-miss
403 http fetch GET 200 https://registry.npmjs.org/@esbuild%2flinux-ia32 64ms (cache miss)
404 silly packumentCache full:https://registry.npmjs.org/@esbuild%2flinux-ia32 set size:undefined disposed:false
405 silly fetch manifest @esbuild/netbsd-x64@0.21.5
406 silly packumentCache full:https://registry.npmjs.org/@esbuild%2fnetbsd-x64 cache-miss
407 http fetch GET 200 https://registry.npmjs.org/@esbuild%2fnetbsd-x64 67ms (cache miss)
408 silly packumentCache full:https://registry.npmjs.org/@esbuild%2fnetbsd-x64 set size:undefined disposed:false
409 silly fetch manifest @esbuild/win32-ia32@0.21.5
410 silly packumentCache full:https://registry.npmjs.org/@esbuild%2fwin32-ia32 cache-miss
411 http fetch GET 200 https://registry.npmjs.org/@esbuild%2fwin32-ia32 78ms (cache miss)
412 silly packumentCache full:https://registry.npmjs.org/@esbuild%2fwin32-ia32 set size:undefined disposed:false
413 silly fetch manifest @esbuild/android-arm@0.21.5
414 silly packumentCache full:https://registry.npmjs.org/@esbuild%2fandroid-arm cache-miss
415 http fetch GET 200 https://registry.npmjs.org/@esbuild%2fandroid-arm 78ms (cache miss)
416 silly packumentCache full:https://registry.npmjs.org/@esbuild%2fandroid-arm set size:undefined disposed:false
417 silly fetch manifest @esbuild/android-x64@0.21.5
418 silly packumentCache full:https://registry.npmjs.org/@esbuild%2fandroid-x64 cache-miss
419 http fetch GET 200 https://registry.npmjs.org/@esbuild%2fandroid-x64 60ms (cache miss)
420 silly packumentCache full:https://registry.npmjs.org/@esbuild%2fandroid-x64 set size:undefined disposed:false
421 silly fetch manifest @esbuild/freebsd-x64@0.21.5
422 silly packumentCache full:https://registry.npmjs.org/@esbuild%2ffreebsd-x64 cache-miss
423 http fetch GET 200 https://registry.npmjs.org/@esbuild%2ffreebsd-x64 69ms (cache miss)
424 silly packumentCache full:https://registry.npmjs.org/@esbuild%2ffreebsd-x64 set size:undefined disposed:false
425 silly fetch manifest @esbuild/linux-arm64@0.21.5
426 silly packumentCache full:https://registry.npmjs.org/@esbuild%2flinux-arm64 cache-miss
427 http fetch GET 200 https://registry.npmjs.org/@esbuild%2flinux-arm64 68ms (cache miss)
428 silly packumentCache full:https://registry.npmjs.org/@esbuild%2flinux-arm64 set size:undefined disposed:false
429 silly fetch manifest @esbuild/linux-ppc64@0.21.5
430 silly packumentCache full:https://registry.npmjs.org/@esbuild%2flinux-ppc64 cache-miss
431 http fetch GET 200 https://registry.npmjs.org/@esbuild%2flinux-ppc64 67ms (cache miss)
432 silly packumentCache full:https://registry.npmjs.org/@esbuild%2flinux-ppc64 set size:undefined disposed:false
433 silly fetch manifest @esbuild/linux-s390x@0.21.5
434 silly packumentCache full:https://registry.npmjs.org/@esbuild%2flinux-s390x cache-miss
435 http fetch GET 200 https://registry.npmjs.org/@esbuild%2flinux-s390x 68ms (cache miss)
436 silly packumentCache full:https://registry.npmjs.org/@esbuild%2flinux-s390x set size:undefined disposed:false
437 silly fetch manifest @esbuild/openbsd-x64@0.21.5
438 silly packumentCache full:https://registry.npmjs.org/@esbuild%2fopenbsd-x64 cache-miss
439 http fetch GET 200 https://registry.npmjs.org/@esbuild%2fopenbsd-x64 67ms (cache miss)
440 silly packumentCache full:https://registry.npmjs.org/@esbuild%2fopenbsd-x64 set size:undefined disposed:false
441 silly fetch manifest @esbuild/win32-arm64@0.21.5
442 silly packumentCache full:https://registry.npmjs.org/@esbuild%2fwin32-arm64 cache-miss
443 http fetch GET 200 https://registry.npmjs.org/@esbuild%2fwin32-arm64 225ms (cache miss)
444 silly packumentCache full:https://registry.npmjs.org/@esbuild%2fwin32-arm64 set size:undefined disposed:false
445 silly fetch manifest @esbuild/darwin-arm64@0.21.5
446 silly packumentCache full:https://registry.npmjs.org/@esbuild%2fdarwin-arm64 cache-miss
447 http fetch GET 200 https://registry.npmjs.org/@esbuild%2fdarwin-arm64 71ms (cache miss)
448 silly packumentCache full:https://registry.npmjs.org/@esbuild%2fdarwin-arm64 set size:undefined disposed:false
449 silly fetch manifest @esbuild/android-arm64@0.21.5
450 silly packumentCache full:https://registry.npmjs.org/@esbuild%2fandroid-arm64 cache-miss
451 http fetch GET 200 https://registry.npmjs.org/@esbuild%2fandroid-arm64 66ms (cache miss)
452 silly packumentCache full:https://registry.npmjs.org/@esbuild%2fandroid-arm64 set size:undefined disposed:false
453 silly fetch manifest @esbuild/freebsd-arm64@0.21.5
454 silly packumentCache full:https://registry.npmjs.org/@esbuild%2ffreebsd-arm64 cache-miss
455 http fetch GET 200 https://registry.npmjs.org/@esbuild%2ffreebsd-arm64 70ms (cache miss)
456 silly packumentCache full:https://registry.npmjs.org/@esbuild%2ffreebsd-arm64 set size:undefined disposed:false
457 silly fetch manifest @esbuild/linux-loong64@0.21.5
458 silly packumentCache full:https://registry.npmjs.org/@esbuild%2flinux-loong64 cache-miss
459 http fetch GET 200 https://registry.npmjs.org/@esbuild%2flinux-loong64 79ms (cache miss)
460 silly packumentCache full:https://registry.npmjs.org/@esbuild%2flinux-loong64 set size:undefined disposed:false
461 silly fetch manifest @esbuild/linux-riscv64@0.21.5
462 silly packumentCache full:https://registry.npmjs.org/@esbuild%2flinux-riscv64 cache-miss
463 http fetch GET 200 https://registry.npmjs.org/@esbuild%2flinux-riscv64 69ms (cache miss)
464 silly packumentCache full:https://registry.npmjs.org/@esbuild%2flinux-riscv64 set size:undefined disposed:false
465 silly fetch manifest @esbuild/linux-mips64el@0.21.5
466 silly packumentCache full:https://registry.npmjs.org/@esbuild%2flinux-mips64el cache-miss
467 http fetch GET 200 https://registry.npmjs.org/@esbuild%2flinux-mips64el 253ms (cache miss)
468 silly packumentCache full:https://registry.npmjs.org/@esbuild%2flinux-mips64el set size:undefined disposed:false
469 silly fetch manifest nanoid@^3.3.19
470 silly packumentCache full:https://registry.npmjs.org/nanoid cache-miss
471 http fetch GET 200 https://registry.npmjs.org/nanoid 56ms (cache miss)
472 silly packumentCache full:https://registry.npmjs.org/nanoid set size:undefined disposed:false
473 silly fetch manifest source-map-js@^1.2.2
474 silly packumentCache full:https://registry.npmjs.org/source-map-js cache-miss
475 http fetch GET 200 https://registry.npmjs.org/source-map-js 44ms (cache miss)
476 silly packumentCache full:https://registry.npmjs.org/source-map-js set size:undefined disposed:false
477 silly fetch manifest @types/estree@1.0.9
478 silly packumentCache full:https://registry.npmjs.org/@types%2festree cache-miss
479 http fetch GET 200 https://registry.npmjs.org/@types%2festree 53ms (cache miss)
480 silly packumentCache full:https://registry.npmjs.org/@types%2festree set size:undefined disposed:false
481 silly fetch manifest @rollup/rollup-darwin-x64@4.64.1
482 silly packumentCache full:https://registry.npmjs.org/@rollup%2frollup-darwin-x64 cache-miss
483 http fetch GET 200 https://registry.npmjs.org/@rollup%2frollup-darwin-x64 68ms (cache miss)
484 silly packumentCache full:https://registry.npmjs.org/@rollup%2frollup-darwin-x64 set size:undefined disposed:false
485 silly fetch manifest @rollup/rollup-freebsd-x64@4.64.1
486 silly packumentCache full:https://registry.npmjs.org/@rollup%2frollup-freebsd-x64 cache-miss
487 http fetch GET 200 https://registry.npmjs.org/@rollup%2frollup-freebsd-x64 226ms (cache miss)
488 silly packumentCache full:https://registry.npmjs.org/@rollup%2frollup-freebsd-x64 set size:undefined disposed:false
489 silly fetch manifest @rollup/rollup-openbsd-x64@4.64.1
490 silly packumentCache full:https://registry.npmjs.org/@rollup%2frollup-openbsd-x64 cache-miss
491 http fetch GET 200 https://registry.npmjs.org/@rollup%2frollup-openbsd-x64 67ms (cache miss)
492 silly packumentCache full:https://registry.npmjs.org/@rollup%2frollup-openbsd-x64 set size:undefined disposed:false
493 silly fetch manifest @napi-rs/lzma-linux-x64-gnu@1.5.1
494 silly packumentCache full:https://registry.npmjs.org/@napi-rs%2flzma-linux-x64-gnu cache-miss
495 http fetch GET 200 https://registry.npmjs.org/@napi-rs%2flzma-linux-x64-gnu 234ms (cache miss)
496 silly packumentCache full:https://registry.npmjs.org/@napi-rs%2flzma-linux-x64-gnu set size:undefined disposed:false
497 silly fetch manifest @rollup/rollup-darwin-arm64@4.64.1
498 silly packumentCache full:https://registry.npmjs.org/@rollup%2frollup-darwin-arm64 cache-miss
499 http fetch GET 200 https://registry.npmjs.org/@rollup%2frollup-darwin-arm64 67ms (cache miss)
500 silly packumentCache full:https://registry.npmjs.org/@rollup%2frollup-darwin-arm64 set size:undefined disposed:false
501 silly fetch manifest @rollup/rollup-android-arm64@4.64.1
502 silly packumentCache full:https://registry.npmjs.org/@rollup%2frollup-android-arm64 cache-miss
503 http fetch GET 200 https://registry.npmjs.org/@rollup%2frollup-android-arm64 76ms (cache miss)
504 silly packumentCache full:https://registry.npmjs.org/@rollup%2frollup-android-arm64 set size:undefined disposed:false
505 silly fetch manifest @rollup/rollup-freebsd-arm64@4.64.1
506 silly packumentCache full:https://registry.npmjs.org/@rollup%2frollup-freebsd-arm64 cache-miss
507 http fetch GET 200 https://registry.npmjs.org/@rollup%2frollup-freebsd-arm64 70ms (cache miss)
508 silly packumentCache full:https://registry.npmjs.org/@rollup%2frollup-freebsd-arm64 set size:undefined disposed:false
509 silly fetch manifest @rollup/rollup-linux-x64-gnu@4.64.1
510 silly packumentCache full:https://registry.npmjs.org/@rollup%2frollup-linux-x64-gnu cache-miss
511 http fetch GET 200 https://registry.npmjs.org/@rollup%2frollup-linux-x64-gnu 70ms (cache miss)
512 silly packumentCache full:https://registry.npmjs.org/@rollup%2frollup-linux-x64-gnu set size:undefined disposed:false
513 silly fetch manifest @rollup/rollup-win32-x64-gnu@4.64.1
514 silly packumentCache full:https://registry.npmjs.org/@rollup%2frollup-win32-x64-gnu cache-miss
515 http fetch GET 200 https://registry.npmjs.org/@rollup%2frollup-win32-x64-gnu 62ms (cache miss)
516 silly packumentCache full:https://registry.npmjs.org/@rollup%2frollup-win32-x64-gnu set size:undefined disposed:false
517 silly fetch manifest @rollup/rollup-linux-x64-musl@4.64.1
518 silly packumentCache full:https://registry.npmjs.org/@rollup%2frollup-linux-x64-musl cache-miss
519 http fetch GET 200 https://registry.npmjs.org/@rollup%2frollup-linux-x64-musl 69ms (cache miss)
520 silly packumentCache full:https://registry.npmjs.org/@rollup%2frollup-linux-x64-musl set size:undefined disposed:false
521 silly fetch manifest @rollup/rollup-win32-x64-msvc@4.64.1
522 silly packumentCache full:https://registry.npmjs.org/@rollup%2frollup-win32-x64-msvc cache-miss
523 http fetch GET 200 https://registry.npmjs.org/@rollup%2frollup-win32-x64-msvc 70ms (cache miss)
524 silly packumentCache full:https://registry.npmjs.org/@rollup%2frollup-win32-x64-msvc set size:undefined disposed:false
525 silly fetch manifest @rollup/rollup-linux-arm64-gnu@4.64.1
526 silly packumentCache full:https://registry.npmjs.org/@rollup%2frollup-linux-arm64-gnu cache-miss
527 http fetch GET 200 https://registry.npmjs.org/@rollup%2frollup-linux-arm64-gnu 69ms (cache miss)
528 silly packumentCache full:https://registry.npmjs.org/@rollup%2frollup-linux-arm64-gnu set size:undefined disposed:false
529 silly fetch manifest @rollup/rollup-linux-ppc64-gnu@4.64.1
530 silly packumentCache full:https://registry.npmjs.org/@rollup%2frollup-linux-ppc64-gnu cache-miss
531 http fetch GET 200 https://registry.npmjs.org/@rollup%2frollup-linux-ppc64-gnu 64ms (cache miss)
532 silly packumentCache full:https://registry.npmjs.org/@rollup%2frollup-linux-ppc64-gnu set size:undefined disposed:false
533 silly fetch manifest @rollup/rollup-linux-s390x-gnu@4.64.1
534 silly packumentCache full:https://registry.npmjs.org/@rollup%2frollup-linux-s390x-gnu cache-miss
535 http fetch GET 200 https://registry.npmjs.org/@rollup%2frollup-linux-s390x-gnu 74ms (cache miss)
536 silly packumentCache full:https://registry.npmjs.org/@rollup%2frollup-linux-s390x-gnu set size:undefined disposed:false
537 silly fetch manifest @rollup/rollup-win32-ia32-msvc@4.64.1
538 silly packumentCache full:https://registry.npmjs.org/@rollup%2frollup-win32-ia32-msvc cache-miss
539 http fetch GET 200 https://registry.npmjs.org/@rollup%2frollup-win32-ia32-msvc 74ms (cache miss)
540 silly packumentCache full:https://registry.npmjs.org/@rollup%2frollup-win32-ia32-msvc set size:undefined disposed:false
541 silly fetch manifest @rollup/rollup-android-arm-eabi@4.64.1
542 silly packumentCache full:https://registry.npmjs.org/@rollup%2frollup-android-arm-eabi cache-miss
543 http fetch GET 200 https://registry.npmjs.org/@rollup%2frollup-android-arm-eabi 72ms (cache miss)
544 silly packumentCache full:https://registry.npmjs.org/@rollup%2frollup-android-arm-eabi set size:undefined disposed:false
545 silly fetch manifest @rollup/rollup-linux-arm64-musl@4.64.1
546 silly packumentCache full:https://registry.npmjs.org/@rollup%2frollup-linux-arm64-musl cache-miss
547 http fetch GET 200 https://registry.npmjs.org/@rollup%2frollup-linux-arm64-musl 73ms (cache miss)
548 silly packumentCache full:https://registry.npmjs.org/@rollup%2frollup-linux-arm64-musl set size:undefined disposed:false
549 silly fetch manifest @rollup/rollup-linux-ppc64-musl@4.64.1
550 silly packumentCache full:https://registry.npmjs.org/@rollup%2frollup-linux-ppc64-musl cache-miss
551 http fetch GET 200 https://registry.npmjs.org/@rollup%2frollup-linux-ppc64-musl 54ms (cache miss)
552 silly packumentCache full:https://registry.npmjs.org/@rollup%2frollup-linux-ppc64-musl set size:undefined disposed:false
553 silly fetch manifest @rollup/rollup-win32-arm64-msvc@4.64.1
554 silly packumentCache full:https://registry.npmjs.org/@rollup%2frollup-win32-arm64-msvc cache-miss
555 http fetch GET 200 https://registry.npmjs.org/@rollup%2frollup-win32-arm64-msvc 68ms (cache miss)
556 silly packumentCache full:https://registry.npmjs.org/@rollup%2frollup-win32-arm64-msvc set size:undefined disposed:false
557 silly fetch manifest @rollup/rollup-linux-loong64-gnu@4.64.1
558 silly packumentCache full:https://registry.npmjs.org/@rollup%2frollup-linux-loong64-gnu cache-miss
559 http fetch GET 200 https://registry.npmjs.org/@rollup%2frollup-linux-loong64-gnu 55ms (cache miss)
560 silly packumentCache full:https://registry.npmjs.org/@rollup%2frollup-linux-loong64-gnu set size:undefined disposed:false
561 silly fetch manifest @rollup/rollup-linux-riscv64-gnu@4.64.1
562 silly packumentCache full:https://registry.npmjs.org/@rollup%2frollup-linux-riscv64-gnu cache-miss
563 http fetch GET 200 https://registry.npmjs.org/@rollup%2frollup-linux-riscv64-gnu 69ms (cache miss)
564 silly packumentCache full:https://registry.npmjs.org/@rollup%2frollup-linux-riscv64-gnu set size:undefined disposed:false
565 silly fetch manifest @rollup/rollup-openharmony-arm64@4.64.1
566 silly packumentCache full:https://registry.npmjs.org/@rollup%2frollup-openharmony-arm64 cache-miss
567 http fetch GET 200 https://registry.npmjs.org/@rollup%2frollup-openharmony-arm64 56ms (cache miss)
568 silly packumentCache full:https://registry.npmjs.org/@rollup%2frollup-openharmony-arm64 set size:undefined disposed:false
569 silly fetch manifest @rollup/rollup-linux-loong64-musl@4.64.1
570 silly packumentCache full:https://registry.npmjs.org/@rollup%2frollup-linux-loong64-musl cache-miss
571 http fetch GET 200 https://registry.npmjs.org/@rollup%2frollup-linux-loong64-musl 61ms (cache miss)
572 silly packumentCache full:https://registry.npmjs.org/@rollup%2frollup-linux-loong64-musl set size:undefined disposed:false
573 silly fetch manifest @rollup/rollup-linux-riscv64-musl@4.64.1
574 silly packumentCache full:https://registry.npmjs.org/@rollup%2frollup-linux-riscv64-musl cache-miss
575 http fetch GET 200 https://registry.npmjs.org/@rollup%2frollup-linux-riscv64-musl 62ms (cache miss)
576 silly packumentCache full:https://registry.npmjs.org/@rollup%2frollup-linux-riscv64-musl set size:undefined disposed:false
577 silly fetch manifest @rollup/rollup-linux-arm-gnueabihf@4.64.1
578 silly packumentCache full:https://registry.npmjs.org/@rollup%2frollup-linux-arm-gnueabihf cache-miss
579 http fetch GET 200 https://registry.npmjs.org/@rollup%2frollup-linux-arm-gnueabihf 77ms (cache miss)
580 silly packumentCache full:https://registry.npmjs.org/@rollup%2frollup-linux-arm-gnueabihf set size:undefined disposed:false
581 silly fetch manifest @rollup/rollup-linux-arm-musleabihf@4.64.1
582 silly packumentCache full:https://registry.npmjs.org/@rollup%2frollup-linux-arm-musleabihf cache-miss
583 http fetch GET 200 https://registry.npmjs.org/@rollup%2frollup-linux-arm-musleabihf 63ms (cache miss)
584 silly packumentCache full:https://registry.npmjs.org/@rollup%2frollup-linux-arm-musleabihf set size:undefined disposed:false
585 silly placeDep ROOT @esbuild/aix-ppc64@0.21.5 OK for: esbuild@0.21.5 want: 0.21.5
586 silly placeDep ROOT @esbuild/android-arm@0.21.5 OK for: esbuild@0.21.5 want: 0.21.5
587 silly placeDep ROOT @esbuild/android-arm64@0.21.5 OK for: esbuild@0.21.5 want: 0.21.5
588 silly placeDep ROOT @esbuild/android-x64@0.21.5 OK for: esbuild@0.21.5 want: 0.21.5
589 silly placeDep ROOT @esbuild/darwin-arm64@0.21.5 OK for: esbuild@0.21.5 want: 0.21.5
590 silly placeDep ROOT @esbuild/darwin-x64@0.21.5 OK for: esbuild@0.21.5 want: 0.21.5
591 silly placeDep ROOT @esbuild/freebsd-arm64@0.21.5 OK for: esbuild@0.21.5 want: 0.21.5
592 silly placeDep ROOT @esbuild/freebsd-x64@0.21.5 OK for: esbuild@0.21.5 want: 0.21.5
593 silly placeDep ROOT @esbuild/linux-arm@0.21.5 OK for: esbuild@0.21.5 want: 0.21.5
594 silly placeDep ROOT @esbuild/linux-arm64@0.21.5 OK for: esbuild@0.21.5 want: 0.21.5
595 silly placeDep ROOT @esbuild/linux-ia32@0.21.5 OK for: esbuild@0.21.5 want: 0.21.5
596 silly placeDep ROOT @esbuild/linux-loong64@0.21.5 OK for: esbuild@0.21.5 want: 0.21.5
597 silly placeDep ROOT @esbuild/linux-mips64el@0.21.5 OK for: esbuild@0.21.5 want: 0.21.5
598 silly placeDep ROOT @esbuild/linux-ppc64@0.21.5 OK for: esbuild@0.21.5 want: 0.21.5
599 silly placeDep ROOT @esbuild/linux-riscv64@0.21.5 OK for: esbuild@0.21.5 want: 0.21.5
600 silly placeDep ROOT @esbuild/linux-s390x@0.21.5 OK for: esbuild@0.21.5 want: 0.21.5
601 silly placeDep ROOT @esbuild/linux-x64@0.21.5 OK for: esbuild@0.21.5 want: 0.21.5
602 silly placeDep ROOT @esbuild/netbsd-x64@0.21.5 OK for: esbuild@0.21.5 want: 0.21.5
603 silly placeDep ROOT @esbuild/openbsd-x64@0.21.5 OK for: esbuild@0.21.5 want: 0.21.5
604 silly placeDep ROOT @esbuild/sunos-x64@0.21.5 OK for: esbuild@0.21.5 want: 0.21.5
605 silly placeDep ROOT @esbuild/win32-arm64@0.21.5 OK for: esbuild@0.21.5 want: 0.21.5
606 silly placeDep ROOT @esbuild/win32-ia32@0.21.5 OK for: esbuild@0.21.5 want: 0.21.5
607 silly placeDep ROOT @esbuild/win32-x64@0.21.5 OK for: esbuild@0.21.5 want: 0.21.5
608 silly placeDep ROOT nanoid@3.3.20 OK for: postcss@8.5.29 want: ^3.3.19
609 silly placeDep ROOT source-map-js@1.2.2 OK for: postcss@8.5.29 want: ^1.2.2
610 silly placeDep ROOT @napi-rs/lzma-linux-x64-gnu@1.5.1 OK for: rollup@4.64.1 want: 1.5.1
611 silly placeDep ROOT @rollup/rollup-android-arm-eabi@4.64.1 OK for: rollup@4.64.1 want: 4.64.1
612 silly placeDep ROOT @rollup/rollup-android-arm64@4.64.1 OK for: rollup@4.64.1 want: 4.64.1
613 silly placeDep ROOT @rollup/rollup-darwin-arm64@4.64.1 OK for: rollup@4.64.1 want: 4.64.1
614 silly placeDep ROOT @rollup/rollup-darwin-x64@4.64.1 OK for: rollup@4.64.1 want: 4.64.1
615 silly placeDep ROOT @rollup/rollup-freebsd-arm64@4.64.1 OK for: rollup@4.64.1 want: 4.64.1
616 silly placeDep ROOT @rollup/rollup-freebsd-x64@4.64.1 OK for: rollup@4.64.1 want: 4.64.1
617 silly placeDep ROOT @rollup/rollup-linux-arm-gnueabihf@4.64.1 OK for: rollup@4.64.1 want: 4.64.1
618 silly placeDep ROOT @rollup/rollup-linux-arm-musleabihf@4.64.1 OK for: rollup@4.64.1 want: 4.64.1
619 silly placeDep ROOT @rollup/rollup-linux-arm64-gnu@4.64.1 OK for: rollup@4.64.1 want: 4.64.1
620 silly placeDep ROOT @rollup/rollup-linux-arm64-musl@4.64.1 OK for: rollup@4.64.1 want: 4.64.1
621 silly placeDep ROOT @rollup/rollup-linux-loong64-gnu@4.64.1 OK for: rollup@4.64.1 want: 4.64.1
622 silly placeDep ROOT @rollup/rollup-linux-loong64-musl@4.64.1 OK for: rollup@4.64.1 want: 4.64.1
623 silly placeDep ROOT @rollup/rollup-linux-ppc64-gnu@4.64.1 OK for: rollup@4.64.1 want: 4.64.1
624 silly placeDep ROOT @rollup/rollup-linux-ppc64-musl@4.64.1 OK for: rollup@4.64.1 want: 4.64.1
625 silly placeDep ROOT @rollup/rollup-linux-riscv64-gnu@4.64.1 OK for: rollup@4.64.1 want: 4.64.1
626 silly placeDep ROOT @rollup/rollup-linux-riscv64-musl@4.64.1 OK for: rollup@4.64.1 want: 4.64.1
627 silly placeDep ROOT @rollup/rollup-linux-s390x-gnu@4.64.1 OK for: rollup@4.64.1 want: 4.64.1
628 silly placeDep ROOT @rollup/rollup-linux-x64-gnu@4.64.1 OK for: rollup@4.64.1 want: 4.64.1
629 silly placeDep ROOT @rollup/rollup-linux-x64-musl@4.64.1 OK for: rollup@4.64.1 want: 4.64.1
630 silly placeDep ROOT @rollup/rollup-openbsd-x64@4.64.1 OK for: rollup@4.64.1 want: 4.64.1
631 silly placeDep ROOT @rollup/rollup-openharmony-arm64@4.64.1 OK for: rollup@4.64.1 want: 4.64.1
632 silly placeDep ROOT @rollup/rollup-win32-arm64-msvc@4.64.1 OK for: rollup@4.64.1 want: 4.64.1
633 silly placeDep ROOT @rollup/rollup-win32-ia32-msvc@4.64.1 OK for: rollup@4.64.1 want: 4.64.1
634 silly placeDep ROOT @rollup/rollup-win32-x64-gnu@4.64.1 OK for: rollup@4.64.1 want: 4.64.1
635 silly placeDep ROOT @rollup/rollup-win32-x64-msvc@4.64.1 OK for: rollup@4.64.1 want: 4.64.1
636 silly placeDep ROOT @types/estree@1.0.9 OK for: rollup@4.64.1 want: 1.0.9
637 silly reify moves {}
638 silly audit bulk request {
638 silly audit   '@vitejs/plugin-react': [ '4.7.0' ],
638 silly audit   vite: [ '5.4.21' ],
638 silly audit   react: [ '18.3.1' ],
638 silly audit   'react-dom': [ '18.3.1' ],
638 silly audit   '@babel/core': [ '7.29.7' ],
638 silly audit   '@babel/plugin-transform-react-jsx-self': [ '7.29.7' ],
638 silly audit   '@babel/plugin-transform-react-jsx-source': [ '7.29.7' ],
638 silly audit   '@rolldown/pluginutils': [ '1.0.0-beta.27' ],
638 silly audit   '@types/babel__core': [ '7.20.5' ],
638 silly audit   'react-refresh': [ '0.17.0' ],
638 silly audit   '@babel/code-frame': [ '7.29.7' ],
638 silly audit   '@babel/generator': [ '7.29.8' ],
638 silly audit   '@babel/helper-compilation-targets': [ '7.29.7' ],
638 silly audit   '@babel/helper-module-transforms': [ '7.29.7' ],
638 silly audit   '@babel/helpers': [ '7.29.10' ],
638 silly audit   '@babel/parser': [ '7.29.9' ],
638 silly audit   '@babel/template': [ '7.29.7' ],
638 silly audit   '@babel/traverse': [ '7.29.10' ],
638 silly audit   '@babel/types': [ '7.29.8' ],
638 silly audit   '@jridgewell/remapping': [ '2.3.5' ],
638 silly audit   'convert-source-map': [ '2.0.0' ],
638 silly audit   debug: [ '4.4.3' ],
638 silly audit   gensync: [ '1.0.0-beta.2' ],
638 silly audit   json5: [ '2.2.3' ],
638 silly audit   semver: [ '6.3.1' ],
638 silly audit   '@babel/helper-validator-identifier': [ '7.29.7' ],
638 silly audit   'js-tokens': [ '4.0.0' ],
638 silly audit   picocolors: [ '1.1.1' ],
638 silly audit   '@jridgewell/gen-mapping': [ '0.3.13' ],
638 silly audit   '@jridgewell/trace-mapping': [ '0.3.31' ],
638 silly audit   jsesc: [ '3.1.0' ],
638 silly audit   '@babel/compat-data': [ '7.29.7' ],
638 silly audit   '@babel/helper-validator-option': [ '7.29.7' ],
638 silly audit   browserslist: [ '4.29.3' ],
638 silly audit   'lru-cache': [ '5.1.1' ],
638 silly audit   '@babel/helper-module-imports': [ '7.29.7' ],
638 silly audit   '@babel/helper-plugin-utils': [ '7.29.7' ],
638 silly audit   '@babel/helper-globals': [ '7.29.7' ],
638 silly audit   '@babel/helper-string-parser': [ '7.29.7' ],
638 silly audit   '@jridgewell/sourcemap-codec': [ '1.6.0' ],
638 silly audit   '@jridgewell/resolve-uri': [ '3.1.2' ],
638 silly audit   '@types/babel__generator': [ '7.27.0' ],
638 silly audit   '@types/babel__template': [ '7.4.4' ],
638 silly audit   '@types/babel__traverse': [ '7.28.0' ],
638 silly audit   'baseline-browser-mapping': [ '2.11.27' ],
638 silly audit   'caniuse-lite': [ '1.0.30001815' ],
638 silly audit   'electron-to-chromium': [ '1.5.449' ],
638 silly audit   'node-releases': [ '2.0.57' ],
638 silly audit   'update-browserslist-db': [ '1.3.3' ],
638 silly audit   ms: [ '2.1.3' ],
638 silly audit   yallist: [ '3.1.1' ],
638 silly audit   'loose-envify': [ '1.4.0' ],
638 silly audit   scheduler: [ '0.23.2' ],
638 silly audit   escalade: [ '3.2.0' ],
638 silly audit   esbuild: [ '0.21.5' ],
638 silly audit   fsevents: [ '2.3.3' ],
638 silly audit   postcss: [ '8.5.29' ],
638 silly audit   rollup: [ '4.64.1' ],
638 silly audit   '@esbuild/aix-ppc64': [ '0.21.5' ],
638 silly audit   '@esbuild/android-arm': [ '0.21.5' ],
638 silly audit   '@esbuild/android-arm64': [ '0.21.5' ],
638 silly audit   '@esbuild/android-x64': [ '0.21.5' ],
638 silly audit   '@esbuild/darwin-arm64': [ '0.21.5' ],
638 silly audit   '@esbuild/darwin-x64': [ '0.21.5' ],
638 silly audit   '@esbuild/freebsd-arm64': [ '0.21.5' ],
638 silly audit   '@esbuild/freebsd-x64': [ '0.21.5' ],
638 silly audit   '@esbuild/linux-arm': [ '0.21.5' ],
638 silly audit   '@esbuild/linux-arm64': [ '0.21.5' ],
638 silly audit   '@esbuild/linux-ia32': [ '0.21.5' ],
638 silly audit   '@esbuild/linux-loong64': [ '0.21.5' ],
638 silly audit   '@esbuild/linux-mips64el': [ '0.21.5' ],
638 silly audit   '@esbuild/linux-ppc64': [ '0.21.5' ],
638 silly audit   '@esbuild/linux-riscv64': [ '0.21.5' ],
638 silly audit   '@esbuild/linux-s390x': [ '0.21.5' ],
638 silly audit   '@esbuild/linux-x64': [ '0.21.5' ],
638 silly audit   '@esbuild/netbsd-x64': [ '0.21.5' ],
638 silly audit   '@esbuild/openbsd-x64': [ '0.21.5' ],
638 silly audit   '@esbuild/sunos-x64': [ '0.21.5' ],
638 silly audit   '@esbuild/win32-arm64': [ '0.21.5' ],
638 silly audit   '@esbuild/win32-ia32': [ '0.21.5' ],
638 silly audit   '@esbuild/win32-x64': [ '0.21.5' ],
638 silly audit   nanoid: [ '3.3.20' ],
638 silly audit   'source-map-js': [ '1.2.2' ],
638 silly audit   '@napi-rs/lzma-linux-x64-gnu': [ '1.5.1' ],
638 silly audit   '@rollup/rollup-android-arm-eabi': [ '4.64.1' ],
638 silly audit   '@rollup/rollup-android-arm64': [ '4.64.1' ],
638 silly audit   '@rollup/rollup-darwin-arm64': [ '4.64.1' ],
638 silly audit   '@rollup/rollup-darwin-x64': [ '4.64.1' ],
638 silly audit   '@rollup/rollup-freebsd-arm64': [ '4.64.1' ],
638 silly audit   '@rollup/rollup-freebsd-x64': [ '4.64.1' ],
638 silly audit   '@rollup/rollup-linux-arm-gnueabihf': [ '4.64.1' ],
638 silly audit   '@rollup/rollup-linux-arm-musleabihf': [ '4.64.1' ],
638 silly audit   '@rollup/rollup-linux-arm64-gnu': [ '4.64.1' ],
638 silly audit   '@rollup/rollup-linux-arm64-musl': [ '4.64.1' ],
638 silly audit   '@rollup/rollup-linux-loong64-gnu': [ '4.64.1' ],
638 silly audit   '@rollup/rollup-linux-loong64-musl': [ '4.64.1' ],
638 silly audit   '@rollup/rollup-linux-ppc64-gnu': [ '4.64.1' ],
638 silly audit   '@rollup/rollup-linux-ppc64-musl': [ '4.64.1' ],
638 silly audit   '@rollup/rollup-linux-riscv64-gnu': [ '4.64.1' ],
638 silly audit   '@rollup/rollup-linux-riscv64-musl': [ '4.64.1' ],
638 silly audit   '@rollup/rollup-linux-s390x-gnu': [ '4.64.1' ],
638 silly audit   '@rollup/rollup-linux-x64-gnu': [ '4.64.1' ],
638 silly audit   '@rollup/rollup-linux-x64-musl': [ '4.64.1' ],
638 silly audit   '@rollup/rollup-openbsd-x64': [ '4.64.1' ],
638 silly audit   '@rollup/rollup-openharmony-arm64': [ '4.64.1' ],
638 silly audit   '@rollup/rollup-win32-arm64-msvc': [ '4.64.1' ],
638 silly audit   '@rollup/rollup-win32-ia32-msvc': [ '4.64.1' ],
638 silly audit   '@rollup/rollup-win32-x64-gnu': [ '4.64.1' ],
638 silly audit   '@rollup/rollup-win32-x64-msvc': [ '4.64.1' ],
638 silly audit   '@types/estree': [ '1.0.9' ]
638 silly audit }
639 verbose reify failed optional dependency /root/dir/web/node_modules/@rollup/rollup-win32-x64-msvc
640 silly reify mark deleted [ '/root/dir/web/node_modules/@rollup/rollup-win32-x64-msvc' ]
641 verbose reify failed optional dependency /root/dir/web/node_modules/@rollup/rollup-win32-x64-gnu
642 silly reify mark deleted [ '/root/dir/web/node_modules/@rollup/rollup-win32-x64-gnu' ]
643 verbose reify failed optional dependency /root/dir/web/node_modules/@rollup/rollup-win32-ia32-msvc
644 silly reify mark deleted [ '/root/dir/web/node_modules/@rollup/rollup-win32-ia32-msvc' ]
645 verbose reify failed optional dependency /root/dir/web/node_modules/@rollup/rollup-win32-arm64-msvc
646 silly reify mark deleted [ '/root/dir/web/node_modules/@rollup/rollup-win32-arm64-msvc' ]
647 verbose reify failed optional dependency /root/dir/web/node_modules/@rollup/rollup-openharmony-arm64
648 silly reify mark deleted [ '/root/dir/web/node_modules/@rollup/rollup-openharmony-arm64' ]
649 verbose reify failed optional dependency /root/dir/web/node_modules/@rollup/rollup-openbsd-x64
650 silly reify mark deleted [ '/root/dir/web/node_modules/@rollup/rollup-openbsd-x64' ]
651 verbose reify failed optional dependency /root/dir/web/node_modules/@rollup/rollup-linux-x64-musl
652 silly reify mark deleted [ '/root/dir/web/node_modules/@rollup/rollup-linux-x64-musl' ]
653 verbose reify failed optional dependency /root/dir/web/node_modules/@rollup/rollup-linux-s390x-gnu
654 silly reify mark deleted [ '/root/dir/web/node_modules/@rollup/rollup-linux-s390x-gnu' ]
655 verbose reify failed optional dependency /root/dir/web/node_modules/@rollup/rollup-linux-riscv64-musl
656 silly reify mark deleted [ '/root/dir/web/node_modules/@rollup/rollup-linux-riscv64-musl' ]
657 verbose reify failed optional dependency /root/dir/web/node_modules/@rollup/rollup-linux-riscv64-gnu
658 silly reify mark deleted [ '/root/dir/web/node_modules/@rollup/rollup-linux-riscv64-gnu' ]
659 verbose reify failed optional dependency /root/dir/web/node_modules/@rollup/rollup-linux-ppc64-musl
660 silly reify mark deleted [ '/root/dir/web/node_modules/@rollup/rollup-linux-ppc64-musl' ]
661 verbose reify failed optional dependency /root/dir/web/node_modules/@rollup/rollup-linux-ppc64-gnu
662 silly reify mark deleted [ '/root/dir/web/node_modules/@rollup/rollup-linux-ppc64-gnu' ]
663 verbose reify failed optional dependency /root/dir/web/node_modules/@rollup/rollup-linux-loong64-musl
664 silly reify mark deleted [ '/root/dir/web/node_modules/@rollup/rollup-linux-loong64-musl' ]
665 verbose reify failed optional dependency /root/dir/web/node_modules/@rollup/rollup-linux-loong64-gnu
666 silly reify mark deleted [ '/root/dir/web/node_modules/@rollup/rollup-linux-loong64-gnu' ]
667 verbose reify failed optional dependency /root/dir/web/node_modules/@rollup/rollup-linux-arm64-musl
668 silly reify mark deleted [ '/root/dir/web/node_modules/@rollup/rollup-linux-arm64-musl' ]
669 verbose reify failed optional dependency /root/dir/web/node_modules/@rollup/rollup-linux-arm64-gnu
670 silly reify mark deleted [ '/root/dir/web/node_modules/@rollup/rollup-linux-arm64-gnu' ]
671 verbose reify failed optional dependency /root/dir/web/node_modules/@rollup/rollup-linux-arm-musleabihf
672 silly reify mark deleted [ '/root/dir/web/node_modules/@rollup/rollup-linux-arm-musleabihf' ]
673 verbose reify failed optional dependency /root/dir/web/node_modules/@rollup/rollup-linux-arm-gnueabihf
674 silly reify mark deleted [ '/root/dir/web/node_modules/@rollup/rollup-linux-arm-gnueabihf' ]
675 verbose reify failed optional dependency /root/dir/web/node_modules/@rollup/rollup-freebsd-x64
676 silly reify mark deleted [ '/root/dir/web/node_modules/@rollup/rollup-freebsd-x64' ]
677 verbose reify failed optional dependency /root/dir/web/node_modules/@rollup/rollup-freebsd-arm64
678 silly reify mark deleted [ '/root/dir/web/node_modules/@rollup/rollup-freebsd-arm64' ]
679 verbose reify failed optional dependency /root/dir/web/node_modules/@rollup/rollup-darwin-x64
680 silly reify mark deleted [ '/root/dir/web/node_modules/@rollup/rollup-darwin-x64' ]
681 verbose reify failed optional dependency /root/dir/web/node_modules/@rollup/rollup-darwin-arm64
682 silly reify mark deleted [ '/root/dir/web/node_modules/@rollup/rollup-darwin-arm64' ]
683 verbose reify failed optional dependency /root/dir/web/node_modules/@rollup/rollup-android-arm64
684 silly reify mark deleted [ '/root/dir/web/node_modules/@rollup/rollup-android-arm64' ]
685 verbose reify failed optional dependency /root/dir/web/node_modules/@rollup/rollup-android-arm-eabi
686 silly reify mark deleted [ '/root/dir/web/node_modules/@rollup/rollup-android-arm-eabi' ]
687 verbose reify failed optional dependency /root/dir/web/node_modules/@napi-rs/lzma-linux-x64-gnu
688 silly reify mark deleted [ '/root/dir/web/node_modules/@napi-rs/lzma-linux-x64-gnu' ]
689 verbose reify failed optional dependency /root/dir/web/node_modules/@esbuild/win32-x64
690 silly reify mark deleted [ '/root/dir/web/node_modules/@esbuild/win32-x64' ]
691 verbose reify failed optional dependency /root/dir/web/node_modules/@esbuild/win32-ia32
692 silly reify mark deleted [ '/root/dir/web/node_modules/@esbuild/win32-ia32' ]
693 verbose reify failed optional dependency /root/dir/web/node_modules/@esbuild/win32-arm64
694 silly reify mark deleted [ '/root/dir/web/node_modules/@esbuild/win32-arm64' ]
695 verbose reify failed optional dependency /root/dir/web/node_modules/@esbuild/sunos-x64
696 silly reify mark deleted [ '/root/dir/web/node_modules/@esbuild/sunos-x64' ]
697 verbose reify failed optional dependency /root/dir/web/node_modules/@esbuild/openbsd-x64
698 silly reify mark deleted [ '/root/dir/web/node_modules/@esbuild/openbsd-x64' ]
699 verbose reify failed optional dependency /root/dir/web/node_modules/@esbuild/netbsd-x64
700 silly reify mark deleted [ '/root/dir/web/node_modules/@esbuild/netbsd-x64' ]
701 verbose reify failed optional dependency /root/dir/web/node_modules/@esbuild/linux-s390x
702 silly reify mark deleted [ '/root/dir/web/node_modules/@esbuild/linux-s390x' ]
703 verbose reify failed optional dependency /root/dir/web/node_modules/@esbuild/linux-riscv64
704 silly reify mark deleted [ '/root/dir/web/node_modules/@esbuild/linux-riscv64' ]
705 verbose reify failed optional dependency /root/dir/web/node_modules/@esbuild/linux-ppc64
706 silly reify mark deleted [ '/root/dir/web/node_modules/@esbuild/linux-ppc64' ]
707 verbose reify failed optional dependency /root/dir/web/node_modules/@esbuild/linux-mips64el
708 silly reify mark deleted [ '/root/dir/web/node_modules/@esbuild/linux-mips64el' ]
709 verbose reify failed optional dependency /root/dir/web/node_modules/@esbuild/linux-loong64
710 silly reify mark deleted [ '/root/dir/web/node_modules/@esbuild/linux-loong64' ]
711 verbose reify failed optional dependency /root/dir/web/node_modules/@esbuild/linux-ia32
712 silly reify mark deleted [ '/root/dir/web/node_modules/@esbuild/linux-ia32' ]
713 verbose reify failed optional dependency /root/dir/web/node_modules/@esbuild/linux-arm64
714 silly reify mark deleted [ '/root/dir/web/node_modules/@esbuild/linux-arm64' ]
715 verbose reify failed optional dependency /root/dir/web/node_modules/@esbuild/linux-arm
716 silly reify mark deleted [ '/root/dir/web/node_modules/@esbuild/linux-arm' ]
717 verbose reify failed optional dependency /root/dir/web/node_modules/@esbuild/freebsd-x64
718 silly reify mark deleted [ '/root/dir/web/node_modules/@esbuild/freebsd-x64' ]
719 verbose reify failed optional dependency /root/dir/web/node_modules/@esbuild/freebsd-arm64
720 silly reify mark deleted [ '/root/dir/web/node_modules/@esbuild/freebsd-arm64' ]
721 verbose reify failed optional dependency /root/dir/web/node_modules/@esbuild/darwin-x64
722 silly reify mark deleted [ '/root/dir/web/node_modules/@esbuild/darwin-x64' ]
723 verbose reify failed optional dependency /root/dir/web/node_modules/@esbuild/darwin-arm64
724 silly reify mark deleted [ '/root/dir/web/node_modules/@esbuild/darwin-arm64' ]
725 verbose reify failed optional dependency /root/dir/web/node_modules/@esbuild/android-x64
726 silly reify mark deleted [ '/root/dir/web/node_modules/@esbuild/android-x64' ]
727 verbose reify failed optional dependency /root/dir/web/node_modules/@esbuild/android-arm64
728 silly reify mark deleted [ '/root/dir/web/node_modules/@esbuild/android-arm64' ]
729 verbose reify failed optional dependency /root/dir/web/node_modules/@esbuild/android-arm
730 silly reify mark deleted [ '/root/dir/web/node_modules/@esbuild/android-arm' ]
731 verbose reify failed optional dependency /root/dir/web/node_modules/@esbuild/aix-ppc64
732 silly reify mark deleted [ '/root/dir/web/node_modules/@esbuild/aix-ppc64' ]
733 verbose reify failed optional dependency /root/dir/web/node_modules/fsevents
734 silly reify mark deleted [ '/root/dir/web/node_modules/fsevents' ]
735 silly tarball no local data for @types/estree@https://registry.npmjs.org/@types/estree/-/estree-1.0.9.tgz. Extracting by manifest.
736 silly tarball no local data for @rollup/rollup-linux-x64-gnu@https://registry.npmjs.org/@rollup/rollup-linux-x64-gnu/-/rollup-linux-x64-gnu-4.64.1.tgz. Extracting by manifest.
737 silly tarball no local data for source-map-js@https://registry.npmjs.org/source-map-js/-/source-map-js-1.2.2.tgz. Extracting by manifest.
738 silly tarball no local data for nanoid@https://registry.npmjs.org/nanoid/-/nanoid-3.3.20.tgz. Extracting by manifest.
739 silly tarball no local data for @esbuild/linux-x64@https://registry.npmjs.org/@esbuild/linux-x64/-/linux-x64-0.21.5.tgz. Extracting by manifest.
740 silly tarball no local data for rollup@https://registry.npmjs.org/rollup/-/rollup-4.64.1.tgz. Extracting by manifest.
741 silly tarball no local data for postcss@https://registry.npmjs.org/postcss/-/postcss-8.5.29.tgz. Extracting by manifest.
742 silly tarball no local data for esbuild@https://registry.npmjs.org/esbuild/-/esbuild-0.21.5.tgz. Extracting by manifest.
743 silly tarball no local data for escalade@https://registry.npmjs.org/escalade/-/escalade-3.2.0.tgz. Extracting by manifest.
744 silly tarball no local data for scheduler@https://registry.npmjs.org/scheduler/-/scheduler-0.23.2.tgz. Extracting by manifest.
745 silly tarball no local data for loose-envify@https://registry.npmjs.org/loose-envify/-/loose-envify-1.4.0.tgz. Extracting by manifest.
746 silly tarball no local data for yallist@https://registry.npmjs.org/yallist/-/yallist-3.1.1.tgz. Extracting by manifest.
747 silly tarball no local data for ms@https://registry.npmjs.org/ms/-/ms-2.1.3.tgz. Extracting by manifest.
748 silly tarball no local data for update-browserslist-db@https://registry.npmjs.org/update-browserslist-db/-/update-browserslist-db-1.3.3.tgz. Extracting by manifest.
749 silly tarball no local data for node-releases@https://registry.npmjs.org/node-releases/-/node-releases-2.0.57.tgz. Extracting by manifest.
750 silly tarball no local data for electron-to-chromium@https://registry.npmjs.org/electron-to-chromium/-/electron-to-chromium-1.5.449.tgz. Extracting by manifest.
751 silly tarball no local data for caniuse-lite@https://registry.npmjs.org/caniuse-lite/-/caniuse-lite-1.0.30001815.tgz. Extracting by manifest.
752 silly tarball no local data for baseline-browser-mapping@https://registry.npmjs.org/baseline-browser-mapping/-/baseline-browser-mapping-2.11.27.tgz. Extracting by manifest.
753 silly tarball no local data for @types/babel__traverse@https://registry.npmjs.org/@types/babel__traverse/-/babel__traverse-7.28.0.tgz. Extracting by manifest.
754 silly tarball no local data for @types/babel__template@https://registry.npmjs.org/@types/babel__template/-/babel__template-7.4.4.tgz. Extracting by manifest.
755 silly tarball no local data for @types/babel__generator@https://registry.npmjs.org/@types/babel__generator/-/babel__generator-7.27.0.tgz. Extracting by manifest.
756 silly tarball no local data for @jridgewell/resolve-uri@https://registry.npmjs.org/@jridgewell/resolve-uri/-/resolve-uri-3.1.2.tgz. Extracting by manifest.
757 silly tarball no local data for @jridgewell/sourcemap-codec@https://registry.npmjs.org/@jridgewell/sourcemap-codec/-/sourcemap-codec-1.6.0.tgz. Extracting by manifest.
758 silly tarball no local data for @babel/helper-string-parser@https://registry.npmjs.org/@babel/helper-string-parser/-/helper-string-parser-7.29.7.tgz. Extracting by manifest.
759 silly tarball no local data for @babel/helper-globals@https://registry.npmjs.org/@babel/helper-globals/-/helper-globals-7.29.7.tgz. Extracting by manifest.
760 silly tarball no local data for @babel/helper-plugin-utils@https://registry.npmjs.org/@babel/helper-plugin-utils/-/helper-plugin-utils-7.29.7.tgz. Extracting by manifest.
761 silly tarball no local data for @babel/helper-module-imports@https://registry.npmjs.org/@babel/helper-module-imports/-/helper-module-imports-7.29.7.tgz. Extracting by manifest.
762 silly tarball no local data for lru-cache@https://registry.npmjs.org/lru-cache/-/lru-cache-5.1.1.tgz. Extracting by manifest.
763 silly tarball no local data for browserslist@https://registry.npmjs.org/browserslist/-/browserslist-4.29.3.tgz. Extracting by manifest.
764 silly tarball no local data for @babel/helper-validator-option@https://registry.npmjs.org/@babel/helper-validator-option/-/helper-validator-option-7.29.7.tgz. Extracting by manifest.
765 silly tarball no local data for @babel/compat-data@https://registry.npmjs.org/@babel/compat-data/-/compat-data-7.29.7.tgz. Extracting by manifest.
766 silly tarball no local data for jsesc@https://registry.npmjs.org/jsesc/-/jsesc-3.1.0.tgz. Extracting by manifest.
767 silly tarball no local data for @jridgewell/trace-mapping@https://registry.npmjs.org/@jridgewell/trace-mapping/-/trace-mapping-0.3.31.tgz. Extracting by manifest.
768 silly tarball no local data for @jridgewell/gen-mapping@https://registry.npmjs.org/@jridgewell/gen-mapping/-/gen-mapping-0.3.13.tgz. Extracting by manifest.
769 silly tarball no local data for picocolors@https://registry.npmjs.org/picocolors/-/picocolors-1.1.1.tgz. Extracting by manifest.
770 silly tarball no local data for js-tokens@https://registry.npmjs.org/js-tokens/-/js-tokens-4.0.0.tgz. Extracting by manifest.
771 silly tarball no local data for @babel/helper-validator-identifier@https://registry.npmjs.org/@babel/helper-validator-identifier/-/helper-validator-identifier-7.29.7.tgz. Extracting by manifest.
772 silly tarball no local data for semver@https://registry.npmjs.org/semver/-/semver-6.3.1.tgz. Extracting by manifest.
773 silly tarball no local data for json5@https://registry.npmjs.org/json5/-/json5-2.2.3.tgz. Extracting by manifest.
774 silly tarball no local data for gensync@https://registry.npmjs.org/gensync/-/gensync-1.0.0-beta.2.tgz. Extracting by manifest.
775 silly tarball no local data for debug@https://registry.npmjs.org/debug/-/debug-4.4.3.tgz. Extracting by manifest.
776 silly tarball no local data for convert-source-map@https://registry.npmjs.org/convert-source-map/-/convert-source-map-2.0.0.tgz. Extracting by manifest.
777 silly tarball no local data for @jridgewell/remapping@https://registry.npmjs.org/@jridgewell/remapping/-/remapping-2.3.5.tgz. Extracting by manifest.
778 silly tarball no local data for @babel/types@https://registry.npmjs.org/@babel/types/-/types-7.29.8.tgz. Extracting by manifest.
779 silly tarball no local data for @babel/traverse@https://registry.npmjs.org/@babel/traverse/-/traverse-7.29.10.tgz. Extracting by manifest.
780 silly tarball no local data for @babel/template@https://registry.npmjs.org/@babel/template/-/template-7.29.7.tgz. Extracting by manifest.
781 silly tarball no local data for @babel/parser@https://registry.npmjs.org/@babel/parser/-/parser-7.29.9.tgz. Extracting by manifest.
782 silly tarball no local data for @babel/helpers@https://registry.npmjs.org/@babel/helpers/-/helpers-7.29.10.tgz. Extracting by manifest.
783 silly tarball no local data for @babel/helper-module-transforms@https://registry.npmjs.org/@babel/helper-module-transforms/-/helper-module-transforms-7.29.7.tgz. Extracting by manifest.
784 silly tarball no local data for @babel/helper-compilation-targets@https://registry.npmjs.org/@babel/helper-compilation-targets/-/helper-compilation-targets-7.29.7.tgz. Extracting by manifest.
785 silly tarball no local data for @babel/generator@https://registry.npmjs.org/@babel/generator/-/generator-7.29.8.tgz. Extracting by manifest.
786 silly tarball no local data for @babel/code-frame@https://registry.npmjs.org/@babel/code-frame/-/code-frame-7.29.7.tgz. Extracting by manifest.
787 silly tarball no local data for react-refresh@https://registry.npmjs.org/react-refresh/-/react-refresh-0.17.0.tgz. Extracting by manifest.
788 silly tarball no local data for @types/babel__core@https://registry.npmjs.org/@types/babel__core/-/babel__core-7.20.5.tgz. Extracting by manifest.
789 silly tarball no local data for @rolldown/pluginutils@https://registry.npmjs.org/@rolldown/pluginutils/-/pluginutils-1.0.0-beta.27.tgz. Extracting by manifest.
790 silly tarball no local data for @babel/plugin-transform-react-jsx-source@https://registry.npmjs.org/@babel/plugin-transform-react-jsx-source/-/plugin-transform-react-jsx-source-7.29.7.tgz. Extracting by manifest.
791 silly tarball no local data for @babel/plugin-transform-react-jsx-self@https://registry.npmjs.org/@babel/plugin-transform-react-jsx-self/-/plugin-transform-react-jsx-self-7.29.7.tgz. Extracting by manifest.
792 silly tarball no local data for @babel/core@https://registry.npmjs.org/@babel/core/-/core-7.29.7.tgz. Extracting by manifest.
793 silly tarball no local data for react-dom@https://registry.npmjs.org/react-dom/-/react-dom-18.3.1.tgz. Extracting by manifest.
794 silly tarball no local data for react@https://registry.npmjs.org/react/-/react-18.3.1.tgz. Extracting by manifest.
795 silly tarball no local data for vite@https://registry.npmjs.org/vite/-/vite-5.4.21.tgz. Extracting by manifest.
796 silly tarball no local data for @vitejs/plugin-react@https://registry.npmjs.org/@vitejs/plugin-react/-/plugin-react-4.7.0.tgz. Extracting by manifest.
797 http fetch POST 200 https://registry.npmjs.org/-/npm/v1/security/advisories/bulk 1137ms
798 silly audit report {
798 silly audit report   vite: [
798 silly audit report     {
798 silly audit report       id: 1120784,
798 silly audit report       url: 'https://github.com/advisories/GHSA-v6wh-96g9-6wx3',
798 silly audit report       title: 'launch-editor: NTLMv2 hash disclosure via UNC path handling on Windows',
798 silly audit report       severity: 'moderate',
798 silly audit report       vulnerable_versions: '<=6.4.2',
798 silly audit report       cwe: [Array],
798 silly audit report       cvss: [Object]
798 silly audit report     },
798 silly audit report     {
798 silly audit report       id: 1116229,
798 silly audit report       url: 'https://github.com/advisories/GHSA-4w7w-66w2-5vf9',
798 silly audit report       title: 'Vite Vulnerable to Path Traversal in Optimized Deps `.map` Handling',
798 silly audit report       severity: 'moderate',
798 silly audit report       vulnerable_versions: '<=6.4.1',
798 silly audit report       cwe: [Array],
798 silly audit report       cvss: [Object]
798 silly audit report     },
798 silly audit report     {
798 silly audit report       id: 1123525,
798 silly audit report       url: 'https://github.com/advisories/GHSA-fx2h-pf6j-xcff',
798 silly audit report       title: 'vite: `server.fs.deny` bypass on Windows alternate paths',
798 silly audit report       severity: 'high',
798 silly audit report       vulnerable_versions: '<=6.4.2',
798 silly audit report       cwe: [Array],
798 silly audit report       cvss: [Object]
798 silly audit report     }
798 silly audit report   ],
798 silly audit report   esbuild: [
798 silly audit report     {
798 silly audit report       id: 1102341,
798 silly audit report       url: 'https://github.com/advisories/GHSA-67mh-4wv8-2f99',
798 silly audit report       title: 'esbuild enables any website to send any requests to the development server and read the response',
798 silly audit report       severity: 'moderate',
798 silly audit report       vulnerable_versions: '<=0.24.2',
798 silly audit report       cwe: [Array],
798 silly audit report       cvss: [Object]
798 silly audit report     }
798 silly audit report   ]
798 silly audit report }
799 silly packumentCache corgi:https://registry.npmjs.org/vite cache-miss
800 silly packumentCache corgi:https://registry.npmjs.org/esbuild cache-miss
801 http fetch GET 200 https://registry.npmjs.org/node-releases/-/node-releases-2.0.57.tgz 1449ms (cache miss)
802 http fetch GET 200 https://registry.npmjs.org/escalade/-/escalade-3.2.0.tgz 1560ms (cache miss)
803 http fetch GET 200 https://registry.npmjs.org/@types/estree/-/estree-1.0.9.tgz 1588ms (cache miss)
804 http fetch GET 200 https://registry.npmjs.org/@types/babel__template/-/babel__template-7.4.4.tgz 1559ms (cache miss)
805 http fetch GET 200 https://registry.npmjs.org/yallist/-/yallist-3.1.1.tgz 1604ms (cache miss)
806 http fetch GET 200 https://registry.npmjs.org/ms/-/ms-2.1.3.tgz 1601ms (cache miss)
807 http fetch GET 200 https://registry.npmjs.org/update-browserslist-db/-/update-browserslist-db-1.3.3.tgz 1628ms (cache miss)
808 http fetch GET 200 https://registry.npmjs.org/loose-envify/-/loose-envify-1.4.0.tgz 1640ms (cache miss)
809 http fetch GET 200 https://registry.npmjs.org/@babel/helper-string-parser/-/helper-string-parser-7.29.7.tgz 1616ms (cache miss)
810 http fetch GET 200 https://registry.npmjs.org/electron-to-chromium/-/electron-to-chromium-1.5.449.tgz 1661ms (cache miss)
811 http fetch GET 200 https://registry.npmjs.org/lru-cache/-/lru-cache-5.1.1.tgz 1727ms (cache miss)
812 http fetch GET 200 https://registry.npmjs.org/@babel/helper-module-imports/-/helper-module-imports-7.29.7.tgz 1760ms (cache miss)
813 http fetch GET 200 https://registry.npmjs.org/@babel/helper-globals/-/helper-globals-7.29.7.tgz 1763ms (cache miss)
814 http fetch GET 200 https://registry.npmjs.org/@types/babel__generator/-/babel__generator-7.27.0.tgz 1768ms (cache miss)
815 http fetch GET 200 https://registry.npmjs.org/@babel/helper-plugin-utils/-/helper-plugin-utils-7.29.7.tgz 1775ms (cache miss)
816 http fetch GET 200 https://registry.npmjs.org/@babel/helper-validator-option/-/helper-validator-option-7.29.7.tgz 1763ms (cache miss)
817 http fetch GET 200 https://registry.npmjs.org/@jridgewell/resolve-uri/-/resolve-uri-3.1.2.tgz 1789ms (cache miss)
818 http fetch GET 200 https://registry.npmjs.org/picocolors/-/picocolors-1.1.1.tgz 1769ms (cache miss)
819 http fetch GET 200 https://registry.npmjs.org/react-refresh/-/react-refresh-0.17.0.tgz 1701ms (cache miss)
820 http fetch GET 200 https://registry.npmjs.org/@rolldown/pluginutils/-/pluginutils-1.0.0-beta.27.tgz 1711ms (cache miss)
821 http fetch GET 200 https://registry.npmjs.org/@types/babel__traverse/-/babel__traverse-7.28.0.tgz 1818ms (cache miss)
822 http fetch GET 200 https://registry.npmjs.org/browserslist/-/browserslist-4.29.3.tgz 1795ms (cache miss)
823 http fetch GET 200 https://registry.npmjs.org/convert-source-map/-/convert-source-map-2.0.0.tgz 1782ms (cache miss)
824 http fetch GET 200 https://registry.npmjs.org/@babel/code-frame/-/code-frame-7.29.7.tgz 1727ms (cache miss)
825 http fetch GET 200 https://registry.npmjs.org/@babel/plugin-transform-react-jsx-self/-/plugin-transform-react-jsx-self-7.29.7.tgz 1724ms (cache miss)
826 http fetch GET 200 https://registry.npmjs.org/semver/-/semver-6.3.1.tgz 1808ms (cache miss)
827 http fetch GET 200 https://registry.npmjs.org/nanoid/-/nanoid-3.3.20.tgz 1876ms (cache miss)
828 http fetch GET 200 https://registry.npmjs.org/js-tokens/-/js-tokens-4.0.0.tgz 1817ms (cache miss)
829 http fetch GET 200 https://registry.npmjs.org/@types/babel__core/-/babel__core-7.20.5.tgz 1753ms (cache miss)
830 http fetch GET 200 https://registry.npmjs.org/gensync/-/gensync-1.0.0-beta.2.tgz 1831ms (cache miss)
831 http fetch GET 200 https://registry.npmjs.org/@vitejs/plugin-react/-/plugin-react-4.7.0.tgz 1765ms (cache miss)
832 http fetch GET 200 https://registry.npmjs.org/@babel/plugin-transform-react-jsx-source/-/plugin-transform-react-jsx-source-7.29.7.tgz 1785ms (cache miss)
833 http fetch GET 200 https://registry.npmjs.org/@babel/compat-data/-/compat-data-7.29.7.tgz 1868ms (cache miss)
834 http fetch GET 200 https://registry.npmjs.org/@babel/helper-compilation-targets/-/helper-compilation-targets-7.29.7.tgz 1797ms (cache miss)
835 http fetch GET 200 https://registry.npmjs.org/jsesc/-/jsesc-3.1.0.tgz 1896ms (cache miss)
836 http fetch GET 200 https://registry.npmjs.org/debug/-/debug-4.4.3.tgz 1885ms (cache miss)
837 http fetch GET 200 https://registry.npmjs.org/@babel/helper-validator-identifier/-/helper-validator-identifier-7.29.7.tgz 1898ms (cache miss)
838 http fetch GET 200 https://registry.npmjs.org/scheduler/-/scheduler-0.23.2.tgz 1973ms (cache miss)
839 http fetch GET 200 https://registry.npmjs.org/@babel/template/-/template-7.29.7.tgz 1897ms (cache miss)
840 http fetch GET 200 https://registry.npmjs.org/esbuild/-/esbuild-0.21.5.tgz 2000ms (cache miss)
841 http fetch GET 200 https://registry.npmjs.org/@jridgewell/remapping/-/remapping-2.3.5.tgz 1949ms (cache miss)
842 http fetch GET 200 https://registry.npmjs.org/@jridgewell/gen-mapping/-/gen-mapping-0.3.13.tgz 1982ms (cache miss)
843 http fetch GET 200 https://registry.npmjs.org/baseline-browser-mapping/-/baseline-browser-mapping-2.11.27.tgz 2030ms (cache miss)
844 http fetch GET 200 https://registry.npmjs.org/@jridgewell/sourcemap-codec/-/sourcemap-codec-1.6.0.tgz 2037ms (cache miss)
845 http fetch GET 200 https://registry.npmjs.org/@babel/helper-module-transforms/-/helper-module-transforms-7.29.7.tgz 1975ms (cache miss)
846 http fetch GET 200 https://registry.npmjs.org/source-map-js/-/source-map-js-1.2.2.tgz 2110ms (cache miss)
847 http fetch GET 200 https://registry.npmjs.org/json5/-/json5-2.2.3.tgz 2046ms (cache miss)
848 http fetch GET 200 https://registry.npmjs.org/react/-/react-18.3.1.tgz 1994ms (cache miss)
849 http fetch GET 200 https://registry.npmjs.org/@jridgewell/trace-mapping/-/trace-mapping-0.3.31.tgz 2096ms (cache miss)
850 http fetch GET 200 https://registry.npmjs.org/esbuild 1707ms (cache miss)
851 silly packumentCache corgi:https://registry.npmjs.org/esbuild set size:undefined disposed:false
852 http fetch GET 200 https://registry.npmjs.org/postcss/-/postcss-8.5.29.tgz 2530ms (cache miss)
853 http fetch GET 200 https://registry.npmjs.org/@babel/generator/-/generator-7.29.8.tgz 2483ms (cache miss)
854 http fetch GET 200 https://registry.npmjs.org/vite 2220ms (cache miss)
855 silly packumentCache corgi:https://registry.npmjs.org/vite set size:undefined disposed:false
856 http fetch GET 200 https://registry.npmjs.org/@babel/parser/-/parser-7.29.9.tgz 3197ms (cache miss)
857 http fetch GET 200 https://registry.npmjs.org/@babel/traverse/-/traverse-7.29.10.tgz 3235ms (cache miss)
858 silly packumentCache corgi:https://registry.npmjs.org/@vitejs%2fplugin-react cache-miss
859 http fetch GET 200 https://registry.npmjs.org/@rollup/rollup-linux-x64-gnu/-/rollup-linux-x64-gnu-4.64.1.tgz 3500ms (cache miss)
860 http fetch GET 200 https://registry.npmjs.org/@vitejs%2fplugin-react 179ms (cache miss)
861 silly packumentCache corgi:https://registry.npmjs.org/@vitejs%2fplugin-react set size:undefined disposed:false
862 http fetch GET 200 https://registry.npmjs.org/@babel/core/-/core-7.29.7.tgz 3593ms (cache miss)
863 http fetch GET 200 https://registry.npmjs.org/rollup/-/rollup-4.64.1.tgz 3930ms (cache miss)
864 http fetch GET 200 https://registry.npmjs.org/vite/-/vite-5.4.21.tgz 3828ms (cache miss)
865 http fetch GET 200 https://registry.npmjs.org/@babel/helpers/-/helpers-7.29.10.tgz 3913ms (cache miss)
866 http fetch GET 200 https://registry.npmjs.org/react-dom/-/react-dom-18.3.1.tgz 3917ms (cache miss)
867 http fetch GET 200 https://registry.npmjs.org/@babel/types/-/types-7.29.8.tgz 4154ms (cache miss)
868 http fetch GET 200 https://registry.npmjs.org/@esbuild/linux-x64/-/linux-x64-0.21.5.tgz 4783ms (cache miss)
869 http fetch GET 200 https://registry.npmjs.org/caniuse-lite/-/caniuse-lite-1.0.30001815.tgz 4850ms (cache miss)
870 info run esbuild@0.21.5 postinstall node_modules/esbuild node install.js
871 info run esbuild@0.21.5 postinstall { code: 0, signal: null }
872 silly ADD node_modules/@types/estree
873 silly ADD
874 silly ADD
875 silly ADD
876 silly ADD
877 silly ADD
878 silly ADD
879 silly ADD
880 silly ADD node_modules/@rollup/rollup-linux-x64-gnu
881 silly ADD
882 silly ADD
883 silly ADD
884 silly ADD
885 silly ADD
886 silly ADD
887 silly ADD
888 silly ADD
889 silly ADD
890 silly ADD
891 silly ADD
892 silly ADD
893 silly ADD
894 silly ADD
895 silly ADD
896 silly ADD
897 silly ADD
898 silly ADD
899 silly ADD node_modules/source-map-js
900 silly ADD node_modules/nanoid
901 silly ADD
902 silly ADD
903 silly ADD
904 silly ADD
905 silly ADD
906 silly ADD
907 silly ADD node_modules/@esbuild/linux-x64
908 silly ADD
909 silly ADD
910 silly ADD
911 silly ADD
912 silly ADD
913 silly ADD
914 silly ADD
915 silly ADD
916 silly ADD
917 silly ADD
918 silly ADD
919 silly ADD
920 silly ADD
921 silly ADD
922 silly ADD
923 silly ADD
924 silly ADD node_modules/rollup
925 silly ADD node_modules/postcss
926 silly ADD
927 silly ADD node_modules/esbuild
928 silly ADD node_modules/escalade
929 silly ADD node_modules/scheduler
930 silly ADD node_modules/loose-envify
931 silly ADD node_modules/yallist
932 silly ADD node_modules/ms
933 silly ADD node_modules/update-browserslist-db
934 silly ADD node_modules/node-releases
935 silly ADD node_modules/electron-to-chromium
936 silly ADD node_modules/caniuse-lite
937 silly ADD node_modules/baseline-browser-mapping
938 silly ADD node_modules/@types/babel__traverse
939 silly ADD node_modules/@types/babel__template
940 silly ADD node_modules/@types/babel__generator
941 silly ADD node_modules/@jridgewell/resolve-uri
942 silly ADD node_modules/@jridgewell/sourcemap-codec
943 silly ADD node_modules/@babel/helper-string-parser
944 silly ADD node_modules/@babel/helper-globals
945 silly ADD node_modules/@babel/helper-plugin-utils
946 silly ADD node_modules/@babel/helper-module-imports
947 silly ADD node_modules/lru-cache
948 silly ADD node_modules/browserslist
949 silly ADD node_modules/@babel/helper-validator-option
950 silly ADD node_modules/@babel/compat-data
951 silly ADD node_modules/jsesc
952 silly ADD node_modules/@jridgewell/trace-mapping
953 silly ADD node_modules/@jridgewell/gen-mapping
954 silly ADD node_modules/picocolors
955 silly ADD node_modules/js-tokens
956 silly ADD node_modules/@babel/helper-validator-identifier
957 silly ADD node_modules/semver
958 silly ADD node_modules/json5
959 silly ADD node_modules/gensync
960 silly ADD node_modules/debug
961 silly ADD node_modules/convert-source-map
962 silly ADD node_modules/@jridgewell/remapping
963 silly ADD node_modules/@babel/types
964 silly ADD node_modules/@babel/traverse
965 silly ADD node_modules/@babel/template
966 silly ADD node_modules/@babel/parser
967 silly ADD node_modules/@babel/helpers
968 silly ADD node_modules/@babel/helper-module-transforms
969 silly ADD node_modules/@babel/helper-compilation-targets
970 silly ADD node_modules/@babel/generator
971 silly ADD node_modules/@babel/code-frame
972 silly ADD node_modules/react-refresh
973 silly ADD node_modules/@types/babel__core
974 silly ADD node_modules/@rolldown/pluginutils
975 silly ADD node_modules/@babel/plugin-transform-react-jsx-source
976 silly ADD node_modules/@babel/plugin-transform-react-jsx-self
977 silly ADD node_modules/@babel/core
978 silly ADD node_modules/react-dom
979 silly ADD node_modules/react
980 silly ADD node_modules/vite
981 silly ADD node_modules/@vitejs/plugin-react
982 verbose cwd /root/dir
983 verbose os Linux 7.0.0-28-generic
984 verbose node v20.20.2
985 verbose npm  v10.8.2
986 verbose exit 0
987 info ok
